Archive member included to satisfy reference by file (symbol)

d:/stm32cubeide_1.12.1/stm32cubeide/plugins/com.st.stm32cube.ide.mcu.externaltools.gnu-tools-for-stm32.10.3-2021.10.win32_1.0.200.202301161003/tools/bin/../lib/gcc/arm-none-eabi/10.3.1/../../../../arm-none-eabi/lib/thumb/v7-m/nofp\libc_nano.a(lib_a-errno.o)
                              ./Core/Src/syscalls.o (__errno)
d:/stm32cubeide_1.12.1/stm32cubeide/plugins/com.st.stm32cube.ide.mcu.externaltools.gnu-tools-for-stm32.10.3-2021.10.win32_1.0.200.202301161003/tools/bin/../lib/gcc/arm-none-eabi/10.3.1/../../../../arm-none-eabi/lib/thumb/v7-m/nofp\libc_nano.a(lib_a-exit.o)
                              d:/stm32cubeide_1.12.1/stm32cubeide/plugins/com.st.stm32cube.ide.mcu.externaltools.gnu-tools-for-stm32.10.3-2021.10.win32_1.0.200.202301161003/tools/bin/../lib/gcc/arm-none-eabi/10.3.1/../../../../arm-none-eabi/lib/thumb/v7-m/nofp/crt0.o (exit)
d:/stm32cubeide_1.12.1/stm32cubeide/plugins/com.st.stm32cube.ide.mcu.externaltools.gnu-tools-for-stm32.10.3-2021.10.win32_1.0.200.202301161003/tools/bin/../lib/gcc/arm-none-eabi/10.3.1/../../../../arm-none-eabi/lib/thumb/v7-m/nofp\libc_nano.a(lib_a-fread.o)
                              ./Core/Src/md5.o (fread)
d:/stm32cubeide_1.12.1/stm32cubeide/plugins/com.st.stm32cube.ide.mcu.externaltools.gnu-tools-for-stm32.10.3-2021.10.win32_1.0.200.202301161003/tools/bin/../lib/gcc/arm-none-eabi/10.3.1/../../../../arm-none-eabi/lib/thumb/v7-m/nofp\libc_nano.a(lib_a-impure.o)
                              d:/stm32cubeide_1.12.1/stm32cubeide/plugins/com.st.stm32cube.ide.mcu.externaltools.gnu-tools-for-stm32.10.3-2021.10.win32_1.0.200.202301161003/tools/bin/../lib/gcc/arm-none-eabi/10.3.1/../../../../arm-none-eabi/lib/thumb/v7-m/nofp\libc_nano.a(lib_a-exit.o) (_global_impure_ptr)
d:/stm32cubeide_1.12.1/stm32cubeide/plugins/com.st.stm32cube.ide.mcu.externaltools.gnu-tools-for-stm32.10.3-2021.10.win32_1.0.200.202301161003/tools/bin/../lib/gcc/arm-none-eabi/10.3.1/../../../../arm-none-eabi/lib/thumb/v7-m/nofp\libc_nano.a(lib_a-init.o)
                              d:/stm32cubeide_1.12.1/stm32cubeide/plugins/com.st.stm32cube.ide.mcu.externaltools.gnu-tools-for-stm32.10.3-2021.10.win32_1.0.200.202301161003/tools/bin/../lib/gcc/arm-none-eabi/10.3.1/../../../../arm-none-eabi/lib/thumb/v7-m/nofp/crt0.o (__libc_init_array)
d:/stm32cubeide_1.12.1/stm32cubeide/plugins/com.st.stm32cube.ide.mcu.externaltools.gnu-tools-for-stm32.10.3-2021.10.win32_1.0.200.202301161003/tools/bin/../lib/gcc/arm-none-eabi/10.3.1/../../../../arm-none-eabi/lib/thumb/v7-m/nofp\libc_nano.a(lib_a-lock.o)
                              d:/stm32cubeide_1.12.1/stm32cubeide/plugins/com.st.stm32cube.ide.mcu.externaltools.gnu-tools-for-stm32.10.3-2021.10.win32_1.0.200.202301161003/tools/bin/../lib/gcc/arm-none-eabi/10.3.1/../../../../arm-none-eabi/lib/thumb/v7-m/nofp\libc_nano.a(lib_a-fread.o) (__retarget_lock_acquire_recursive)
d:/stm32cubeide_1.12.1/stm32cubeide/plugins/com.st.stm32cube.ide.mcu.externaltools.gnu-tools-for-stm32.10.3-2021.10.win32_1.0.200.202301161003/tools/bin/../lib/gcc/arm-none-eabi/10.3.1/../../../../arm-none-eabi/lib/thumb/v7-m/nofp\libc_nano.a(lib_a-malloc.o)
                              ./Core/Src/md5.o (malloc)
d:/stm32cubeide_1.12.1/stm32cubeide/plugins/com.st.stm32cube.ide.mcu.externaltools.gnu-tools-for-stm32.10.3-2021.10.win32_1.0.200.202301161003/tools/bin/../lib/gcc/arm-none-eabi/10.3.1/../../../../arm-none-eabi/lib/thumb/v7-m/nofp\libc_nano.a(lib_a-memcpy-stub.o)
                              ./Core/Src/sha256.o (memcpy)
d:/stm32cubeide_1.12.1/stm32cubeide/plugins/com.st.stm32cube.ide.mcu.externaltools.gnu-tools-for-stm32.10.3-2021.10.win32_1.0.200.202301161003/tools/bin/../lib/gcc/arm-none-eabi/10.3.1/../../../../arm-none-eabi/lib/thumb/v7-m/nofp\libc_nano.a(lib_a-memset.o)
                              d:/stm32cubeide_1.12.1/stm32cubeide/plugins/com.st.stm32cube.ide.mcu.externaltools.gnu-tools-for-stm32.10.3-2021.10.win32_1.0.200.202301161003/tools/bin/../lib/gcc/arm-none-eabi/10.3.1/../../../../arm-none-eabi/lib/thumb/v7-m/nofp/crt0.o (memset)
d:/stm32cubeide_1.12.1/stm32cubeide/plugins/com.st.stm32cube.ide.mcu.externaltools.gnu-tools-for-stm32.10.3-2021.10.win32_1.0.200.202301161003/tools/bin/../lib/gcc/arm-none-eabi/10.3.1/../../../../arm-none-eabi/lib/thumb/v7-m/nofp\libc_nano.a(lib_a-nano-freer.o)
                              d:/stm32cubeide_1.12.1/stm32cubeide/plugins/com.st.stm32cube.ide.mcu.externaltools.gnu-tools-for-stm32.10.3-2021.10.win32_1.0.200.202301161003/tools/bin/../lib/gcc/arm-none-eabi/10.3.1/../../../../arm-none-eabi/lib/thumb/v7-m/nofp\libc_nano.a(lib_a-malloc.o) (_free_r)
d:/stm32cubeide_1.12.1/stm32cubeide/plugins/com.st.stm32cube.ide.mcu.externaltools.gnu-tools-for-stm32.10.3-2021.10.win32_1.0.200.202301161003/tools/bin/../lib/gcc/arm-none-eabi/10.3.1/../../../../arm-none-eabi/lib/thumb/v7-m/nofp\libc_nano.a(lib_a-nano-mallocr.o)
[...]
Memory Configuration

Name             Origin             Length             Attributes
RAM              0x0000000020000000 0x0000000000002800 xrw
FLASH            0x0000000008000000 0x0000000000008000 xr
*default*        0x0000000000000000 0xffffffffffffffff

Linker script and memory map

LOAD d:/stm32cubeide_1.12.1/stm32cubeide/plugins/com.st.stm32cube.ide.mcu.externaltools.gnu-tools-for-stm32.10.3-2021.10.win32_1.0.200.202301161003/tools/bin/../lib/gcc/arm-none-eabi/10.3.1/thumb/v7-m/nofp/crti.o
LOAD d:/stm32cubeide_1.12.1/stm32cubeide/plugins/com.st.stm32cube.ide.mcu.externaltools.gnu-tools-for-stm32.10.3-2021.10.win32_1.0.200.202301161003/tools/bin/../lib/gcc/arm-none-eabi/10.3.1/thumb/v7-m/nofp/crtbegin.o
LOAD d:/stm32cubeide_1.12.1/stm32cubeide/plugins/com.st.stm32cube.ide.mcu.externaltools.gnu-tools-for-stm32.10.3-2021.10.win32_1.0.200.202301161003/tools/bin/../lib/gcc/arm-none-eabi/10.3.1/../../../../arm-none-eabi/lib/thumb/v7-m/nofp/crt0.o
LOAD ./Core/Src/algorithm_interface.o
LOAD ./Core/Src/crc16.o
LOAD ./Core/Src/lcd_txt.o
LOAD ./Core/Src/main.o
LOAD ./Core/Src/md5.o
LOAD ./Core/Src/sha256.o
LOAD ./Core/Src/stm32f1xx_hal_msp.o
LOAD ./Core/Src/stm32f1xx_it.o
LOAD ./Core/Src/syscalls.o
LOAD ./Core/Src/sysmem.o
LOAD ./Core/Src/system_stm32f1xx.o
LOAD ./Core/Src/uart.o
LOAD ./Core/Startup/startup_stm32f103c6tx.o
LOAD ./Drivers/STM32F1xx_HAL_Driver/Src/stm32f1xx_hal.o
LOAD ./Drivers/STM32F1xx_HAL_Driver/Src/stm32f1xx_hal_cortex.o
LOAD ./Drivers/STM32F1xx_HAL_Driver/Src/stm32f1xx_hal_dma.o
LOAD ./Drivers/STM32F1xx_HAL_Driver/Src/stm32f1xx_hal_exti.o
LOAD ./Drivers/STM32F1xx_HAL_Driver/Src/stm32f1xx_hal_flash.o
LOAD ./Drivers/STM32F1xx_HAL_Driver/Src/stm32f1xx_hal_flash_ex.o
LOAD ./Drivers/STM32F1xx_HAL_Driver/Src/stm32f1xx_hal_gpio.o
LOAD ./Drivers/STM32F1xx_HAL_Driver/Src/stm32f1xx_hal_gpio_ex.o
LOAD ./Drivers/STM32F1xx_HAL_Driver/Src/stm32f1xx_hal_pwr.o
LOAD ./Drivers/STM32F1xx_HAL_Driver/Src/stm32f1xx_hal_rcc.o
LOAD ./Drivers/STM32F1xx_HAL_Driver/Src/stm32f1xx_hal_rcc_ex.o
LOAD ./Drivers/STM32F1xx_HAL_Driver/Src/stm32f1xx_hal_uart.o
START GROUP
LOAD d:/stm32cubeide_1.12.1/stm32cubeide/plugins/com.st.stm32cube.ide.mcu.externaltools.gnu-tools-for-stm32.10.3-2021.10.win32_1.0.200.202301161003/tools/bin/../lib/gcc/arm-none-eabi/10.3.1/../../../../arm-none-eabi/lib/thumb/v7-m/nofp\libc_nano.a
LOAD d:/stm32cubeide_1.12.1/stm32cubeide/plugins/com.st.stm32cube.ide.mcu.externaltools.gnu-tools-for-stm32.10.3-2021.10.win32_1.0.200.202301161003/tools/bin/../lib/gcc/arm-none-eabi/10.3.1/../../../../arm-none-eabi/lib/thumb/v7-m/nofp\libm.a
END GROUP
START GROUP
LOAD d:/stm32cubeide_1.12.1/stm32cubeide/plugins/com.st.stm32cube.ide.mcu.externaltools.gnu-tools-for-stm32.10.3-2021.10.win32_1.0.200.202301161003/tools/bin/../lib/gcc/arm-none-eabi/10.3.1/thumb/v7-m/nofp\libgcc.a
LOAD d:/stm32cubeide_1.12.1/stm32cubeide/plugins/com.st.stm32cube.ide.mcu.externaltools.gnu-tools-for-stm32.10.3-2021.10.win32_1.0.200.202301161003/tools/bin/../lib/gcc/arm-none-eabi/10.3.1/../../../../arm-none-eabi/lib/thumb/v7-m/nofp\libc_nano.a
END GROUP
START GROUP
LOAD d:/stm32cubeide_1.12.1/stm32cubeide/plugins/com.st.stm32cube.ide.mcu.externaltools.gnu-tools-for-stm32.10.3-2021.10.win32_1.0.200.202301161003/tools/bin/../lib/gcc/arm-none-eabi/10.3.1/thumb/v7-m/nofp\libgcc.a
LOAD d:/stm32cubeide_1.12.1/stm32cubeide/plugins/com.st.stm32cube.ide.mcu.externaltools.gnu-tools-for-stm32.10.3-2021.10.win32_1.0.200.202301161003/tools/bin/../lib/gcc/arm-none-eabi/10.3.1/../../../../arm-none-eabi/lib/thumb/v7-m/nofp\libc_nano.a
LOAD d:/stm32cubeide_1.12.1/stm32cubeide/plugins/com.st.stm32cube.ide.mcu.externaltools.gnu-tools-for-stm32.10.3-2021.10.win32_1.0.200.202301161003/tools/bin/../lib/gcc/arm-none-eabi/10.3.1/../../../../arm-none-eabi/lib/thumb/v7-m/nofp\libnosys.a
END GROUP
START GROUP
LOAD d:/stm32cubeide_1.12.1/stm32cubeide/plugins/com.st.stm32cube.ide.mcu.externaltools.gnu-tools-for-stm32.10.3-2021.10.win32_1.0.200.202301161003/tools/bin/../lib/gcc/arm-none-eabi/10.3.1/thumb/v7-m/nofp\libgcc.a
LOAD d:/stm32cubeide_1.12.1/stm32cubeide/plugins/com.st.stm32cube.ide.mcu.externaltools.gnu-tools-for-stm32.10.3-2021.10.win32_1.0.200.202301161003/tools/bin/../lib/gcc/arm-none-eabi/10.3.1/../../../../arm-none-eabi/lib/thumb/v7-m/nofp\libc_nano.a
LOAD d:/stm32cubeide_1.12.1/stm32cubeide/plugins/com.st.stm32cube.ide.mcu.externaltools.gnu-tools-for-stm32.10.3-2021.10.win32_1.0.200.202301161003/tools/bin/../lib/gcc/arm-none-eabi/10.3.1/../../../../arm-none-eabi/lib/thumb/v7-m/nofp\libnosys.a
END GROUP
LOAD d:/stm32cubeide_1.12.1/stm32cubeide/plugins/com.st.stm32cube.ide.mcu.externaltools.gnu-tools-for-stm32.10.3-2021.10.win32_1.0.200.202301161003/tools/bin/../lib/gcc/arm-none-eabi/10.3.1/thumb/v7-m/nofp/crtend.o
LOAD d:/stm32cubeide_1.12.1/stm32cubeide/plugins/com.st.stm32cube.ide.mcu.externaltools.gnu-tools-for-stm32.10.3-2021.10.win32_1.0.200.202301161003/tools/bin/../lib/gcc/arm-none-eabi/10.3.1/thumb/v7-m/nofp/crtn.o
                0x0000000020002800                _estack = (ORIGIN (RAM) + LENGTH (RAM))
                0x0000000000000200                _Min_Heap_Size = 0x200
                0x0000000000000400                _Min_Stack_Size = 0x400

.isr_vector     0x0000000008000000      0x10c
                0x0000000008000000                . = ALIGN (0x4)
 *(.isr_vector)
 .isr_vector    0x0000000008000000      0x10c ./Core/Startup/startup_stm32f103c6tx.o
                0x0000000008000000                g_pfnVectors
                0x000000000800010c                . = ALIGN (0x4)

.text           0x000000000800010c     0x8358
                0x000000000800010c                . = ALIGN (0x4)
 *(.text)
 .text          0x000000000800010c       0x40 d:/stm32cubeide_1.12.1/stm32cubeide/plugins/com.st.stm32cube.ide.mcu.externaltools.gnu-tools-for-stm32.10.3-2021.10.win32_1.0.200.202301161003/tools/bin/../lib/gcc/arm-none-eabi/10.3.1/thumb/v7-m/nofp/crtbegin.o
 .text          0x000000000800014c       0x10 d:/stm32cubeide_1.12.1/stm32cubeide/plugins/com.st.stm32cube.ide.mcu.externaltools.gnu-tools-for-stm32.10.3-2021.10.win32_1.0.200.202301161003/tools/bin/../lib/gcc/arm-none-eabi/10.3.1/../../../../arm-none-eabi/lib/thumb/v7-m/nofp\libc_nano.a(lib_a-strlen.o)
                0x000000000800014c                strlen
 *(.text*)
 .text.do_algorithm
                0x000000000800015c      0x3e0 ./Core/Src/algorithm_interface.o
                0x000000000800015c                do_algorithm
 .text.crc16    0x000000000800053c       0x76 ./Core/Src/crc16.o
                0x000000000800053c                crc16
 *fill*         0x00000000080005b2        0x2 
 .text.lcd_init
                0x00000000080005b4       0x88 ./Core/Src/lcd_txt.o
                0x00000000080005b4                lcd_init
 .text.lcd_write
                0x000000000800063c      0x194 ./Core/Src/lcd_txt.o
                0x000000000800063c                lcd_write
 .text.lcd_puts
                0x00000000080007d0       0xa4 ./Core/Src/lcd_txt.o
                0x00000000080007d0                lcd_puts
 .text.lcd_clear
                0x0000000008000874       0x10 ./Core/Src/lcd_txt.o
                0x0000000008000874                lcd_clear
 .text.chosen_algorithm
                0x0000000008000884       0x4c ./Core/Src/main.o
                0x0000000008000884                chosen_algorithm
 .text.main     0x00000000080008d0       0xc0 ./Core/Src/main.o
                0x00000000080008d0                main
 .text.SystemClock_Config
                0x0000000008000990       0x76 ./Core/Src/main.o
                0x0000000008000990                SystemClock_Config
 *fill*         0x0000000008000a06        0x2 
 .text.MX_USART1_UART_Init
                0x0000000008000a08       0x54 ./Core/Src/main.o
 .text.MX_GPIO_Init
                0x0000000008000a5c       0x80 ./Core/Src/main.o
 .text.Error_Handler
                0x0000000008000adc        0xa ./Core/Src/main.o
                0x0000000008000adc                Error_Handler
 .text.rotateLeft
                0x0000000008000ae6       0x20 ./Core/Src/md5.o
                0x0000000008000ae6                rotateLeft
 *fill*         0x0000000008000b06        0x2 
 .text.md5Init  0x0000000008000b08       0x48 ./Core/Src/md5.o
                0x0000000008000b08                md5Init
 .text.md5Update
                0x0000000008000b50       0xe4 ./Core/Src/md5.o
                0x0000000008000b50                md5Update
 .text.md5Finalize
                0x0000000008000c34      0x184 ./Core/Src/md5.o
                0x0000000008000c34                md5Finalize
 .text.md5Step  0x0000000008000db8      0x154 ./Core/Src/md5.o
                0x0000000008000db8                md5Step
 .text.md5String
                0x0000000008000f0c       0x4c ./Core/Src/md5.o
                0x0000000008000f0c                md5String
 .text.sha256_init
                0x0000000008000f58       0x70 ./Core/Src/sha256.o
                0x0000000008000f58                sha256_init
 .text.sha256_process
                0x0000000008000fc8     0x4ad4 ./Core/Src/sha256.o
                0x0000000008000fc8                sha256_process
 .text.sha256_update
                0x0000000008005a9c       0xce ./Core/Src/sha256.o
                0x0000000008005a9c                sha256_update
 *fill*         0x0000000008005b6a        0x2 
 .text.sha256_finish
                0x0000000008005b6c      0x250 ./Core/Src/sha256.o
                0x0000000008005b6c                sha256_finish
 .text.HAL_MspInit
                0x0000000008005dbc       0x44 ./Core/Src/stm32f1xx_hal_msp.o
                0x0000000008005dbc                HAL_MspInit
 .text.HAL_UART_MspInit
                0x0000000008005e00       0xa8 ./Core/Src/stm32f1xx_hal_msp.o
                0x0000000008005e00                HAL_UART_MspInit
 .text.NMI_Handler
                0x0000000008005ea8        0x6 ./Core/Src/stm32f1xx_it.o
                0x0000000008005ea8                NMI_Handler
 .text.HardFault_Handler
                0x0000000008005eae        0x6 ./Core/Src/stm32f1xx_it.o
                0x0000000008005eae                HardFault_Handler
 .text.MemManage_Handler
                0x0000000008005eb4        0x6 ./Core/Src/stm32f1xx_it.o
                0x0000000008005eb4                MemManage_Handler
 .text.BusFault_Handler
                0x0000000008005eba        0x6 ./Core/Src/stm32f1xx_it.o
                0x0000000008005eba                BusFault_Handler
 .text.UsageFault_Handler
                0x0000000008005ec0        0x6 ./Core/Src/stm32f1xx_it.o
                0x0000000008005ec0                UsageFault_Handler
 .text.SVC_Handler
                0x0000000008005ec6        0xc ./Core/Src/stm32f1xx_it.o
                0x0000000008005ec6                SVC_Handler
 .text.DebugMon_Handler
                0x0000000008005ed2        0xc ./Core/Src/stm32f1xx_it.o
                0x0000000008005ed2                DebugMon_Handler
 .text.PendSV_Handler
                0x0000000008005ede        0xc ./Core/Src/stm32f1xx_it.o
                0x0000000008005ede                PendSV_Handler
 .text.SysTick_Handler
                0x0000000008005eea        0xc ./Core/Src/stm32f1xx_it.o
                0x0000000008005eea                SysTick_Handler
 *fill*         0x0000000008005ef6        0x2 
 .text.USART1_IRQHandler
                0x0000000008005ef8       0x14 ./Core/Src/stm32f1xx_it.o
                0x0000000008005ef8                USART1_IRQHandler
 .text._sbrk    0x0000000008005f0c       0x6c ./Core/Src/sysmem.o
                0x0000000008005f0c                _sbrk
 .text.SystemInit
                0x0000000008005f78        0xc ./Core/Src/system_stm32f1xx.o
                0x0000000008005f78                SystemInit
 .text.Reset_Handler
                0x0000000008005f84       0x48 ./Core/Startup/startup_stm32f103c6tx.o
                0x0000000008005f84                Reset_Handler
 .text.Default_Handler
                0x0000000008005fcc        0x2 ./Core/Startup/startup_stm32f103c6tx.o
                0x0000000008005fcc                RTC_Alarm_IRQHandler
                0x0000000008005fcc                EXTI2_IRQHandler
                0x0000000008005fcc                TIM1_CC_IRQHandler
                0x0000000008005fcc                PVD_IRQHandler
                0x0000000008005fcc                EXTI3_IRQHandler
                0x0000000008005fcc                EXTI0_IRQHandler
                0x0000000008005fcc                ADC1_2_IRQHandler
                0x0000000008005fcc                SPI1_IRQHandler
                0x0000000008005fcc                TAMPER_IRQHandler
                0x0000000008005fcc                DMA1_Channel4_IRQHandler
                0x0000000008005fcc                RTC_IRQHandler
                0x0000000008005fcc                DMA1_Channel7_IRQHandler
                0x0000000008005fcc                CAN1_RX1_IRQHandler
                0x0000000008005fcc                I2C1_EV_IRQHandler
                0x0000000008005fcc                DMA1_Channel6_IRQHandler
                0x0000000008005fcc                TIM3_IRQHandler
                0x0000000008005fcc                RCC_IRQHandler
                0x0000000008005fcc                TIM1_TRG_COM_IRQHandler
                0x0000000008005fcc                DMA1_Channel1_IRQHandler
                0x0000000008005fcc                Default_Handler
                0x0000000008005fcc                EXTI15_10_IRQHandler
                0x0000000008005fcc                EXTI9_5_IRQHandler
                0x0000000008005fcc                DMA1_Channel5_IRQHandler
                0x0000000008005fcc                EXTI4_IRQHandler
                0x0000000008005fcc                USB_LP_CAN1_RX0_IRQHandler
                0x0000000008005fcc                USB_HP_CAN1_TX_IRQHandler
                0x0000000008005fcc                DMA1_Channel3_IRQHandler
                0x0000000008005fcc                TIM1_UP_IRQHandler
                0x0000000008005fcc                WWDG_IRQHandler
                0x0000000008005fcc                TIM2_IRQHandler
                0x0000000008005fcc                TIM1_BRK_IRQHandler
                0x0000000008005fcc                EXTI1_IRQHandler
                0x0000000008005fcc                USART2_IRQHandler
                0x0000000008005fcc                DMA1_Channel2_IRQHandler
                0x0000000008005fcc                CAN1_SCE_IRQHandler
                0x0000000008005fcc                FLASH_IRQHandler
                0x0000000008005fcc                I2C1_ER_IRQHandler
                0x0000000008005fcc                USBWakeUp_IRQHandler
 *fill*         0x0000000008005fce        0x2 
 .text.HAL_Init
                0x0000000008005fd0       0x2c ./Drivers/STM32F1xx_HAL_Driver/Src/stm32f1xx_hal.o
                0x0000000008005fd0                HAL_Init
 .text.HAL_InitTick
                0x0000000008005ffc       0x60 ./Drivers/STM32F1xx_HAL_Driver/Src/stm32f1xx_hal.o
                0x0000000008005ffc                HAL_InitTick
 .text.HAL_IncTick
                0x000000000800605c       0x24 ./Drivers/STM32F1xx_HAL_Driver/Src/stm32f1xx_hal.o
                0x000000000800605c                HAL_IncTick
 .text.HAL_GetTick
                0x0000000008006080       0x14 ./Drivers/STM32F1xx_HAL_Driver/Src/stm32f1xx_hal.o
                0x0000000008006080                HAL_GetTick
 .text.HAL_Delay
                0x0000000008006094       0x48 ./Drivers/STM32F1xx_HAL_Driver/Src/stm32f1xx_hal.o
                0x0000000008006094                HAL_Delay
 .text.__NVIC_SetPriorityGrouping
                0x00000000080060dc       0x48 ./Drivers/STM32F1xx_HAL_Driver/Src/stm32f1xx_hal_cortex.o
 .text.__NVIC_GetPriorityGrouping
                0x0000000008006124       0x1c ./Drivers/STM32F1xx_HAL_Driver/Src/stm32f1xx_hal_cortex.o
 .text.__NVIC_EnableIRQ
                0x0000000008006140       0x38 ./Drivers/STM32F1xx_HAL_Driver/Src/stm32f1xx_hal_cortex.o
 .text.__NVIC_SetPriority
                0x0000000008006178       0x54 ./Drivers/STM32F1xx_HAL_Driver/Src/stm32f1xx_hal_cortex.o
 .text.NVIC_EncodePriority
                0x00000000080061cc       0x64 ./Drivers/STM32F1xx_HAL_Driver/Src/stm32f1xx_hal_cortex.o
 .text.SysTick_Config
                0x0000000008006230       0x44 ./Drivers/STM32F1xx_HAL_Driver/Src/stm32f1xx_hal_cortex.o
 .text.HAL_NVIC_SetPriorityGrouping
                0x0000000008006274       0x16 ./Drivers/STM32F1xx_HAL_Driver/Src/stm32f1xx_hal_cortex.o
                0x0000000008006274                HAL_NVIC_SetPriorityGrouping
 .text.HAL_NVIC_SetPriority
                0x000000000800628a       0x38 ./Drivers/STM32F1xx_HAL_Driver/Src/stm32f1xx_hal_cortex.o
                0x000000000800628a                HAL_NVIC_SetPriority
 .text.HAL_NVIC_EnableIRQ
                0x00000000080062c2       0x1c ./Drivers/STM32F1xx_HAL_Driver/Src/stm32f1xx_hal_cortex.o
                0x00000000080062c2                HAL_NVIC_EnableIRQ
 .text.HAL_SYSTICK_Config
                0x00000000080062de       0x18 ./Drivers/STM32F1xx_HAL_Driver/Src/stm32f1xx_hal_cortex.o
                0x00000000080062de                HAL_SYSTICK_Config
 .text.HAL_DMA_Abort
                0x00000000080062f6       0x76 ./Drivers/STM32F1xx_HAL_Driver/Src/stm32f1xx_hal_dma.o
                0x00000000080062f6                HAL_DMA_Abort
 .text.HAL_DMA_Abort_IT
                0x000000000800636c       0xf0 ./Drivers/STM32F1xx_HAL_Driver/Src/stm32f1xx_hal_dma.o
                0x000000000800636c                HAL_DMA_Abort_IT
 .text.HAL_GPIO_Init
                0x000000000800645c      0x2f8 ./Drivers/STM32F1xx_HAL_Driver/Src/stm32f1xx_hal_gpio.o
                0x000000000800645c                HAL_GPIO_Init
 .text.HAL_GPIO_ReadPin
                0x0000000008006754       0x2e ./Drivers/STM32F1xx_HAL_Driver/Src/stm32f1xx_hal_gpio.o
                0x0000000008006754                HAL_GPIO_ReadPin
 .text.HAL_GPIO_WritePin
                0x0000000008006782       0x30 ./Drivers/STM32F1xx_HAL_Driver/Src/stm32f1xx_hal_gpio.o
                0x0000000008006782                HAL_GPIO_WritePin
 *fill*         0x00000000080067b2        0x2 
 .text.HAL_RCC_OscConfig
                0x00000000080067b4      0x504 ./Drivers/STM32F1xx_HAL_Driver/Src/stm32f1xx_hal_rcc.o
                0x00000000080067b4                HAL_RCC_OscConfig
 .text.HAL_RCC_ClockConfig
                0x0000000008006cb8      0x1d4 ./Drivers/STM32F1xx_HAL_Driver/Src/stm32f1xx_hal_rcc.o
                0x0000000008006cb8                HAL_RCC_ClockConfig
 .text.HAL_RCC_GetSysClockFreq
                0x0000000008006e8c       0xa8 ./Drivers/STM32F1xx_HAL_Driver/Src/stm32f1xx_hal_rcc.o
                0x0000000008006e8c                HAL_RCC_GetSysClockFreq
 .text.HAL_RCC_GetHCLKFreq
                0x0000000008006f34       0x14 ./Drivers/STM32F1xx_HAL_Driver/Src/stm32f1xx_hal_rcc.o
                0x0000000008006f34                HAL_RCC_GetHCLKFreq
 .text.HAL_RCC_GetPCLK1Freq
                0x0000000008006f48       0x28 ./Drivers/STM32F1xx_HAL_Driver/Src/stm32f1xx_hal_rcc.o
                0x0000000008006f48                HAL_RCC_GetPCLK1Freq
 .text.HAL_RCC_GetPCLK2Freq
                0x0000000008006f70       0x28 ./Drivers/STM32F1xx_HAL_Driver/Src/stm32f1xx_hal_rcc.o
                0x0000000008006f70                HAL_RCC_GetPCLK2Freq
 .text.RCC_Delay
                0x0000000008006f98       0x3c ./Drivers/STM32F1xx_HAL_Driver/Src/stm32f1xx_hal_rcc.o
 .text.HAL_UART_Init
                0x0000000008006fd4       0xa0 ./Drivers/STM32F1xx_HAL_Driver/Src/stm32f1xx_hal_uart.o
                0x0000000008006fd4                HAL_UART_Init
 .text.HAL_UART_Receive_IT
                0x0000000008007074       0x4a ./Drivers/STM32F1xx_HAL_Driver/Src/stm32f1xx_hal_uart.o
                0x0000000008007074                HAL_UART_Receive_IT
 *fill*         0x00000000080070be        0x2 
 .text.HAL_UART_IRQHandler
                0x00000000080070c0      0x524 ./Drivers/STM32F1xx_HAL_Driver/Src/stm32f1xx_hal_uart.o
                0x00000000080070c0                HAL_UART_IRQHandler
 .text.HAL_UART_TxCpltCallback
                0x00000000080075e4       0x12 ./Drivers/STM32F1xx_HAL_Driver/Src/stm32f1xx_hal_uart.o
                0x00000000080075e4                HAL_UART_TxCpltCallback
 .text.HAL_UART_RxCpltCallback
                0x00000000080075f6       0x12 ./Drivers/STM32F1xx_HAL_Driver/Src/stm32f1xx_hal_uart.o
                0x00000000080075f6                HAL_UART_RxCpltCallback
 .text.HAL_UART_ErrorCallback
                0x0000000008007608       0x12 ./Drivers/STM32F1xx_HAL_Driver/Src/stm32f1xx_hal_uart.o
                0x0000000008007608                HAL_UART_ErrorCallback
 .text.HAL_UARTEx_RxEventCallback
                0x000000000800761a       0x16 ./Drivers/STM32F1xx_HAL_Driver/Src/stm32f1xx_hal_uart.o
                0x000000000800761a                HAL_UARTEx_RxEventCallback
 .text.UART_Start_Receive_IT
                0x0000000008007630       0x72 ./Drivers/STM32F1xx_HAL_Driver/Src/stm32f1xx_hal_uart.o
                0x0000000008007630                UART_Start_Receive_IT
 .text.UART_EndRxTransfer
                0x00000000080076a2       0xc4 ./Drivers/STM32F1xx_HAL_Driver/Src/stm32f1xx_hal_uart.o
 .text.UART_DMAAbortOnError
                0x0000000008007766       0x28 ./Drivers/STM32F1xx_HAL_Driver/Src/stm32f1xx_hal_uart.o
 .text.UART_Transmit_IT
                0x000000000800778e       0x9e ./Drivers/STM32F1xx_HAL_Driver/Src/stm32f1xx_hal_uart.o
 .text.UART_EndTransmit_IT
                0x000000000800782c       0x30 ./Drivers/STM32F1xx_HAL_Driver/Src/stm32f1xx_hal_uart.o
 .text.UART_Receive_IT
                0x000000000800785c      0x17c ./Drivers/STM32F1xx_HAL_Driver/Src/stm32f1xx_hal_uart.o
 .text.UART_SetConfig
                0x00000000080079d8      0x11c ./Drivers/STM32F1xx_HAL_Driver/Src/stm32f1xx_hal_uart.o
 .text.__errno  0x0000000008007af4        0xc d:/stm32cubeide_1.12.1/stm32cubeide/plugins/com.st.stm32cube.ide.mcu.externaltools.gnu-tools-for-stm32.10.3-2021.10.win32_1.0.200.202301161003/tools/bin/../lib/gcc/arm-none-eabi/10.3.1/../../../../arm-none-eabi/lib/thumb/v7-m/nofp\libc_nano.a(lib_a-errno.o)
                0x0000000008007af4                __errno
 .text.__libc_init_array
                0x0000000008007b00       0x48 d:/stm32cubeide_1.12.1/stm32cubeide/plugins/com.st.stm32cube.ide.mcu.externaltools.gnu-tools-for-stm32.10.3-2021.10.win32_1.0.200.202301161003/tools/bin/../lib/gcc/arm-none-eabi/10.3.1/../../../../arm-none-eabi/lib/thumb/v7-m/nofp\libc_nano.a(lib_a-init.o)
                0x0000000008007b00                __libc_init_array
 .text.__retarget_lock_acquire_recursive
                0x0000000008007b48        0x2 d:/stm32cubeide_1.12.1/stm32cubeide/plugins/com.st.stm32cube.ide.mcu.externaltools.gnu-tools-for-stm32.10.3-2021.10.win32_1.0.200.202301161003/tools/bin/../lib/gcc/arm-none-eabi/10.3.1/../../../../arm-none-eabi/lib/thumb/v7-m/nofp\libc_nano.a(lib_a-lock.o)
                0x0000000008007b48                __retarget_lock_acquire_recursive
 .text.__retarget_lock_release_recursive
                0x0000000008007b4a        0x2 d:/stm32cubeide_1.12.1/stm32cubeide/plugins/com.st.stm32cube.ide.mcu.externaltools.gnu-tools-for-stm32.10.3-2021.10.win32_1.0.200.202301161003/tools/bin/../lib/gcc/arm-none-eabi/10.3.1/../../../../arm-none-eabi/lib/thumb/v7-m/nofp\libc_nano.a(lib_a-lock.o)
                0x0000000008007b4a                __retarget_lock_release_recursive
 .text.memcpy   0x0000000008007b4c       0x1c d:/stm32cubeide_1.12.1/stm32cubeide/plugins/com.st.stm32cube.ide.mcu.externaltools.gnu-tools-for-stm32.10.3-2021.10.win32_1.0.200.202301161003/tools/bin/../lib/gcc/arm-none-eabi/10.3.1/../../../../arm-none-eabi/lib/thumb/v7-m/nofp\libc_nano.a(lib_a-memcpy-stub.o)
                0x0000000008007b4c                memcpy
 .text.memset   0x0000000008007b68       0x10 d:/stm32cubeide_1.12.1/stm32cubeide/plugins/com.st.stm32cube.ide.mcu.externaltools.gnu-tools-for-stm32.10.3-2021.10.win32_1.0.200.202301161003/tools/bin/../lib/gcc/arm-none-eabi/10.3.1/../../../../arm-none-eabi/lib/thumb/v7-m/nofp\libc_nano.a(lib_a-memset.o)
                0x0000000008007b68                memset
 .text._free_r  0x0000000008007b78       0x90 d:/stm32cubeide_1.12.1/stm32cubeide/plugins/com.st.stm32cube.ide.mcu.externaltools.gnu-tools-for-stm32.10.3-2021.10.win32_1.0.200.202301161003/tools/bin/../lib/gcc/arm-none-eabi/10.3.1/../../../../arm-none-eabi/lib/thumb/v7-m/nofp\libc_nano.a(lib_a-nano-freer.o)
                0x0000000008007b78                _free_r
 .text.sbrk_aligned
                0x0000000008007c08       0x40 d:/stm32cubeide_1.12.1/stm32cubeide/plugins/com.st.stm32cube.ide.mcu.externaltools.gnu-tools-for-stm32.10.3-2021.10.win32_1.0.200.202301161003/tools/bin/../lib/gcc/arm-none-eabi/10.3.1/../../../../arm-none-eabi/lib/thumb/v7-m/nofp\libc_nano.a(lib_a-nano-mallocr.o)
 .text._malloc_r
                0x0000000008007c48       0xe8 d:/stm32cubeide_1.12.1/stm32cubeide/plugins/com.st.stm32cube.ide.mcu.externaltools.gnu-tools-for-stm32.10.3-2021.10.win32_1.0.200.202301161003/tools/bin/../lib/gcc/arm-none-eabi/10.3.1/../../../../arm-none-eabi/lib/thumb/v7-m/nofp\libc_nano.a(lib_a-nano-mallocr.o)
                0x0000000008007c48                _malloc_r
 .text._sbrk_r  0x0000000008007d30       0x20 d:/stm32cubeide_1.12.1/stm32cubeide/plugins/com.st.stm32cube.ide.mcu.externaltools.gnu-tools-for-stm32.10.3-2021.10.win32_1.0.200.202301161003/tools/bin/../lib/gcc/arm-none-eabi/10.3.1/../../../../arm-none-eabi/lib/thumb/v7-m/nofp\libc_nano.a(lib_a-sbrkr.o)
                0x0000000008007d30                _sbrk_r
 .text.sprintf  0x0000000008007d50       0x40 d:/stm32cubeide_1.12.1/stm32cubeide/plugins/com.st.stm32cube.ide.mcu.externaltools.gnu-tools-for-stm32.10.3-2021.10.win32_1.0.200.202301161003/tools/bin/../lib/gcc/arm-none-eabi/10.3.1/../../../../arm-none-eabi/lib/thumb/v7-m/nofp\libc_nano.a(lib_a-sprintf.o)
                0x0000000008007d50                siprintf
                0x0000000008007d50                sprintf
 .text.__malloc_lock
                0x0000000008007d90        0xc d:/stm32cubeide_1.12.1/stm32cubeide/plugins/com.st.stm32cube.ide.mcu.externaltools.gnu-tools-for-stm32.10.3-2021.10.win32_1.0.200.202301161003/tools/bin/../lib/gcc/arm-none-eabi/10.3.1/../../../../arm-none-eabi/lib/thumb/v7-m/nofp\libc_nano.a(lib_a-mlock.o)
                0x0000000008007d90                __malloc_lock
 .text.__malloc_unlock
                0x0000000008007d9c        0xc d:/stm32cubeide_1.12.1/stm32cubeide/plugins/com.st.stm32cube.ide.mcu.externaltools.gnu-tools-for-stm32.10.3-2021.10.win32_1.0.200.202301161003/tools/bin/../lib/gcc/arm-none-eabi/10.3.1/../../../../arm-none-eabi/lib/thumb/v7-m/nofp\libc_nano.a(lib_a-mlock.o)
                0x0000000008007d9c                __malloc_unlock
 .text.__ssputs_r
                0x0000000008007da8       0xb6 d:/stm32cubeide_1.12.1/stm32cubeide/plugins/com.st.stm32cube.ide.mcu.externaltools.gnu-tools-for-stm32.10.3-2021.10.win32_1.0.200.202301161003/tools/bin/../lib/gcc/arm-none-eabi/10.3.1/../../../../arm-none-eabi/lib/thumb/v7-m/nofp\libc_nano.a(lib_a-nano-svfprintf.o)
                0x0000000008007da8                __ssputs_r
 *fill*         0x0000000008007e5e        0x2 
 .text._svfprintf_r
                0x0000000008007e60      0x200 d:/stm32cubeide_1.12.1/stm32cubeide/plugins/com.st.stm32cube.ide.mcu.externaltools.gnu-tools-for-stm32.10.3-2021.10.win32_1.0.200.202301161003/tools/bin/../lib/gcc/arm-none-eabi/10.3.1/../../../../arm-none-eabi/lib/thumb/v7-m/nofp\libc_nano.a(lib_a-nano-svfprintf.o)
                0x0000000008007e60                _svfiprintf_r
                0x0000000008007e60                _svfprintf_r
 .text._printf_common
                0x0000000008008060       0xde d:/stm32cubeide_1.12.1/stm32cubeide/plugins/com.st.stm32cube.ide.mcu.externaltools.gnu-tools-for-stm32.10.3-2021.10.win32_1.0.200.202301161003/tools/bin/../lib/gcc/arm-none-eabi/10.3.1/../../../../arm-none-eabi/lib/thumb/v7-m/nofp\libc_nano.a(lib_a-nano-vfprintf_i.o)
                0x0000000008008060                _printf_common
 *fill*         0x000000000800813e        0x2 
 .text._printf_i
                0x0000000008008140      0x24c d:/stm32cubeide_1.12.1/stm32cubeide/plugins/com.st.stm32cube.ide.mcu.externaltools.gnu-tools-for-stm32.10.3-2021.10.win32_1.0.200.202301161003/tools/bin/../lib/gcc/arm-none-eabi/10.3.1/../../../../arm-none-eabi/lib/thumb/v7-m/nofp\libc_nano.a(lib_a-nano-vfprintf_i.o)
                0x0000000008008140                _printf_i
 .text.memchr   0x000000000800838c       0x1c d:/stm32cubeide_1.12.1/stm32cubeide/plugins/com.st.stm32cube.ide.mcu.externaltools.gnu-tools-for-stm32.10.3-2021.10.win32_1.0.200.202301161003/tools/bin/../lib/gcc/arm-none-eabi/10.3.1/../../../../arm-none-eabi/lib/thumb/v7-m/nofp\libc_nano.a(lib_a-memchr-stub.o)
                0x000000000800838c                memchr
 .text.memmove  0x00000000080083a8       0x34 d:/stm32cubeide_1.12.1/stm32cubeide/plugins/com.st.stm32cube.ide.mcu.externaltools.gnu-tools-for-stm32.10.3-2021.10.win32_1.0.200.202301161003/tools/bin/../lib/gcc/arm-none-eabi/10.3.1/../../../../arm-none-eabi/lib/thumb/v7-m/nofp\libc_nano.a(lib_a-memmove.o)
                0x00000000080083a8                memmove
 .text._realloc_r
                0x00000000080083dc       0x5e d:/stm32cubeide_1.12.1/stm32cubeide/plugins/com.st.stm32cube.ide.mcu.externaltools.gnu-tools-for-stm32.10.3-2021.10.win32_1.0.200.202301161003/tools/bin/../lib/gcc/arm-none-eabi/10.3.1/../../../../arm-none-eabi/lib/thumb/v7-m/nofp\libc_nano.a(lib_a-nano-reallocr.o)
                0x00000000080083dc                _realloc_r
 .text._malloc_usable_size_r
                0x000000000800843a       0x10 d:/stm32cubeide_1.12.1/stm32cubeide/plugins/com.st.stm32cube.ide.mcu.externaltools.gnu-tools-for-stm32.10.3-2021.10.win32_1.0.200.202301161003/tools/bin/../lib/gcc/arm-none-eabi/10.3.1/../../../../arm-none-eabi/lib/thumb/v7-m/nofp\libc_nano.a(lib_a-nano-msizer.o)
                0x000000000800843a                _malloc_usable_size_r
 *(.glue_7)
 .glue_7        0x000000000800844a        0x0 linker stubs
 *(.glue_7t)
 .glue_7t       0x000000000800844a        0x0 linker stubs
 *(.eh_frame)
 *fill*         0x000000000800844a        0x2 
 .eh_frame      0x000000000800844c        0x0 d:/stm32cubeide_1.12.1/stm32cubeide/plugins/com.st.stm32cube.ide.mcu.externaltools.gnu-tools-for-stm32.10.3-2021.10.win32_1.0.200.202301161003/tools/bin/../lib/gcc/arm-none-eabi/10.3.1/thumb/v7-m/nofp/crtbegin.o
 *(.init)
 .init          0x000000000800844c        0x4 d:/stm32cubeide_1.12.1/stm32cubeide/plugins/com.st.stm32cube.ide.mcu.externaltools.gnu-tools-for-stm32.10.3-2021.10.win32_1.0.200.202301161003/tools/bin/../lib/gcc/arm-none-eabi/10.3.1/thumb/v7-m/nofp/crti.o
                0x000000000800844c                _init
 .init          0x0000000008008450        0x8 d:/stm32cubeide_1.12.1/stm32cubeide/plugins/com.st.stm32cube.ide.mcu.externaltools.gnu-tools-for-stm32.10.3-2021.10.win32_1.0.200.202301161003/tools/bin/../lib/gcc/arm-none-eabi/10.3.1/thumb/v7-m/nofp/crtn.o
 *(.fini)
 .fini          0x0000000008008458        0x4 d:/stm32cubeide_1.12.1/stm32cubeide/plugins/com.st.stm32cube.ide.mcu.externaltools.gnu-tools-for-stm32.10.3-2021.10.win32_1.0.200.202301161003/tools/bin/../lib/gcc/arm-none-eabi/10.3.1/thumb/v7-m/nofp/crti.o
                0x0000000008008458                _fini
 .fini          0x000000000800845c        0x8 d:/stm32cubeide_1.12.1/stm32cubeide/plugins/com.st.stm32cube.ide.mcu.externaltools.gnu-tools-for-stm32.10.3-2021.10.win32_1.0.200.202301161003/tools/bin/../lib/gcc/arm-none-eabi/10.3.1/thumb/v7-m/nofp/crtn.o
                0x0000000008008464                . = ALIGN (0x4)
                0x0000000008008464                _etext = .

.vfp11_veneer   0x0000000008008464        0x0
 .vfp11_veneer  0x0000000008008464        0x0 linker stubs

.v4_bx          0x0000000008008464        0x0
 .v4_bx         0x0000000008008464        0x0 linker stubs

.iplt           0x0000000008008464        0x0
 .iplt          0x0000000008008464        0x0 d:/stm32cubeide_1.12.1/stm32cubeide/plugins/com.st.stm32cube.ide.mcu.externaltools.gnu-tools-for-stm32.10.3-2021.10.win32_1.0.200.202301161003/tools/bin/../lib/gcc/arm-none-eabi/10.3.1/thumb/v7-m/nofp/crtbegin.o

.rodata         0x0000000008008464      0x230
                0x0000000008008464                . = ALIGN (0x4)
 *(.rodata)
 .rodata        0x0000000008008464      0x141 ./Core/Src/algorithm_interface.o
 *fill*         0x00000000080085a5        0x3 
 .rodata        0x00000000080085a8       0x2a ./Core/Src/main.o
 *(.rodata*)
 *fill*         0x00000000080085d2        0x2 
 .rodata.AHBPrescTable
                0x00000000080085d4       0x10 ./Core/Src/system_stm32f1xx.o
                0x00000000080085d4                AHBPrescTable
 .rodata.APBPrescTable
                0x00000000080085e4        0x8 ./Core/Src/system_stm32f1xx.o
                0x00000000080085e4                APBPrescTable
 .rodata.aPLLMULFactorTable.1
                0x00000000080085ec       0x10 ./Drivers/STM32F1xx_HAL_Driver/Src/stm32f1xx_hal_rcc.o
 .rodata.aPredivFactorTable.0
                0x00000000080085fc        0x2 ./Drivers/STM32F1xx_HAL_Driver/Src/stm32f1xx_hal_rcc.o
 *fill*         0x00000000080085fe        0x2 
 .rodata.__sf_fake_stderr
                0x0000000008008600       0x20 d:/stm32cubeide_1.12.1/stm32cubeide/plugins/com.st.stm32cube.ide.mcu.externaltools.gnu-tools-for-stm32.10.3-2021.10.win32_1.0.200.202301161003/tools/bin/../lib/gcc/arm-none-eabi/10.3.1/../../../../arm-none-eabi/lib/thumb/v7-m/nofp\libc_nano.a(lib_a-findfp.o)
                0x0000000008008600                __sf_fake_stderr
 .rodata.__sf_fake_stdin
                0x0000000008008620       0x20 d:/stm32cubeide_1.12.1/stm32cubeide/plugins/com.st.stm32cube.ide.mcu.externaltools.gnu-tools-for-stm32.10.3-2021.10.win32_1.0.200.202301161003/tools/bin/../lib/gcc/arm-none-eabi/10.3.1/../../../../arm-none-eabi/lib/thumb/v7-m/nofp\libc_nano.a(lib_a-findfp.o)
                0x0000000008008620                __sf_fake_stdin
 .rodata.__sf_fake_stdout
                0x0000000008008640       0x20 d:/stm32cubeide_1.12.1/stm32cubeide/plugins/com.st.stm32cube.ide.mcu.externaltools.gnu-tools-for-stm32.10.3-2021.10.win32_1.0.200.202301161003/tools/bin/../lib/gcc/arm-none-eabi/10.3.1/../../../../arm-none-eabi/lib/thumb/v7-m/nofp\libc_nano.a(lib_a-findfp.o)
                0x0000000008008640                __sf_fake_stdout
 .rodata._svfprintf_r.str1.1
                0x0000000008008660       0x11 d:/stm32cubeide_1.12.1/stm32cubeide/plugins/com.st.stm32cube.ide.mcu.externaltools.gnu-tools-for-stm32.10.3-2021.10.win32_1.0.200.202301161003/tools/bin/../lib/gcc/arm-none-eabi/10.3.1/../../../../arm-none-eabi/lib/thumb/v7-m/nofp\libc_nano.a(lib_a-nano-svfprintf.o)
 .rodata._printf_i.str1.1
                0x0000000008008671       0x22 d:/stm32cubeide_1.12.1/stm32cubeide/plugins/com.st.stm32cube.ide.mcu.externaltools.gnu-tools-for-stm32.10.3-2021.10.win32_1.0.200.202301161003/tools/bin/../lib/gcc/arm-none-eabi/10.3.1/../../../../arm-none-eabi/lib/thumb/v7-m/nofp\libc_nano.a(lib_a-nano-vfprintf_i.o)
                0x0000000008008694                . = ALIGN (0x4)
 *fill*         0x0000000008008693        0x1 

.rel.dyn        0x0000000008008694        0x0
 .rel.iplt      0x0000000008008694        0x0 d:/stm32cubeide_1.12.1/stm32cubeide/plugins/com.st.stm32cube.ide.mcu.externaltools.gnu-tools-for-stm32.10.3-2021.10.win32_1.0.200.202301161003/tools/bin/../lib/gcc/arm-none-eabi/10.3.1/thumb/v7-m/nofp/crtbegin.o

.ARM.extab      0x0000000008008694        0x0
                0x0000000008008694                . = ALIGN (0x4)
 *(.ARM.extab* .gnu.linkonce.armextab.*)
                0x0000000008008694                . = ALIGN (0x4)

.ARM            0x0000000008008694        0x0
                0x0000000008008694                . = ALIGN (0x4)
                0x0000000008008694                __exidx_start = .
 *(.ARM.exidx*)
                0x0000000008008694                __exidx_end = .
                0x0000000008008694                . = ALIGN (0x4)

.preinit_array  0x0000000008008694        0x0
                0x0000000008008694                . = ALIGN (0x4)
                0x0000000008008694                PROVIDE (__preinit_array_start = .)
 *(.preinit_array*)
                0x0000000008008694                PROVIDE (__preinit_array_end = .)
                0x0000000008008694                . = ALIGN (0x4)

.init_array     0x0000000008008694        0x4
                0x0000000008008694                . = ALIGN (0x4)
                0x0000000008008694                PROVIDE (__init_array_start = .)
 *(SORT_BY_NAME(.init_array.*))
 *(.init_array*)
 .init_array    0x0000000008008694        0x4 d:/stm32cubeide_1.12.1/stm32cubeide/plugins/com.st.stm32cube.ide.mcu.externaltools.gnu-tools-for-stm32.10.3-2021.10.win32_1.0.200.202301161003/tools/bin/../lib/gcc/arm-none-eabi/10.3.1/thumb/v7-m/nofp/crtbegin.o
                0x0000000008008698                PROVIDE (__init_array_end = .)
                0x0000000008008698                . = ALIGN (0x4)

.fini_array     0x0000000008008698        0x4
                0x0000000008008698                . = ALIGN (0x4)
                [!provide]                        PROVIDE (__fini_array_start = .)
 *(SORT_BY_NAME(.fini_array.*))
 *(.fini_array*)
 .fini_array    0x0000000008008698        0x4 d:/stm32cubeide_1.12.1/stm32cubeide/plugins/com.st.stm32cube.ide.mcu.externaltools.gnu-tools-for-stm32.10.3-2021.10.win32_1.0.200.202301161003/tools/bin/../lib/gcc/arm-none-eabi/10.3.1/thumb/v7-m/nofp/crtbegin.o
                [!provide]                        PROVIDE (__fini_array_end = .)
                0x000000000800869c                . = ALIGN (0x4)
                0x000000000800869c                _sidata = LOADADDR (.data)

.data           0x0000000020000000      0x2f0 load address 0x000000000800869c
                0x0000000020000000                . = ALIGN (0x4)
                0x0000000020000000                _sdata = .
 *(.data)
 *(.data*)
 .data.S        0x0000000020000000      0x100 ./Core/Src/md5.o
 .data.K        0x0000000020000100      0x100 ./Core/Src/md5.o
 .data.PADDING  0x0000000020000200       0x40 ./Core/Src/md5.o
 .data.sha256_padding
                0x0000000020000240       0x40 ./Core/Src/sha256.o
 .data.SystemCoreClock
                0x0000000020000280        0x4 ./Core/Src/system_stm32f1xx.o
                0x0000000020000280                SystemCoreClock
 .data.uwTickPrio
                0x0000000020000284        0x4 ./Drivers/STM32F1xx_HAL_Driver/Src/stm32f1xx_hal.o
                0x0000000020000284                uwTickPrio
 .data.uwTickFreq
                0x0000000020000288        0x1 ./Drivers/STM32F1xx_HAL_Driver/Src/stm32f1xx_hal.o
                0x0000000020000288                uwTickFreq
 *fill*         0x0000000020000289        0x3 
 .data._impure_ptr
                0x000000002000028c        0x4 d:/stm32cubeide_1.12.1/stm32cubeide/plugins/com.st.stm32cube.ide.mcu.externaltools.gnu-tools-for-stm32.10.3-2021.10.win32_1.0.200.202301161003/tools/bin/../lib/gcc/arm-none-eabi/10.3.1/../../../../arm-none-eabi/lib/thumb/v7-m/nofp\libc_nano.a(lib_a-impure.o)
                0x000000002000028c                _impure_ptr
 .data.impure_data
                0x0000000020000290       0x60 d:/stm32cubeide_1.12.1/stm32cubeide/plugins/com.st.stm32cube.ide.mcu.externaltools.gnu-tools-for-stm32.10.3-2021.10.win32_1.0.200.202301161003/tools/bin/../lib/gcc/arm-none-eabi/10.3.1/../../../../arm-none-eabi/lib/thumb/v7-m/nofp\libc_nano.a(lib_a-impure.o)
 *(.RamFunc)
 *(.RamFunc*)
                0x00000000200002f0                . = ALIGN (0x4)
                0x00000000200002f0                _edata = .

.igot.plt       0x00000000200002f0        0x0 load address 0x000000000800898c
 .igot.plt      0x00000000200002f0        0x0 d:/stm32cubeide_1.12.1/stm32cubeide/plugins/com.st.stm32cube.ide.mcu.externaltools.gnu-tools-for-stm32.10.3-2021.10.win32_1.0.200.202301161003/tools/bin/../lib/gcc/arm-none-eabi/10.3.1/thumb/v7-m/nofp/crtbegin.o
                0x00000000200002f0                . = ALIGN (0x4)

.bss            0x00000000200002f0       0x7c load address 0x000000000800898c
                0x00000000200002f0                _sbss = .
                0x00000000200002f0                __bss_start__ = _sbss
 *(.bss)
 .bss           0x00000000200002f0       0x1c d:/stm32cubeide_1.12.1/stm32cubeide/plugins/com.st.stm32cube.ide.mcu.externaltools.gnu-tools-for-stm32.10.3-2021.10.win32_1.0.200.202301161003/tools/bin/../lib/gcc/arm-none-eabi/10.3.1/thumb/v7-m/nofp/crtbegin.o
 *(.bss*)
 .bss.huart1    0x000000002000030c       0x48 ./Core/Src/main.o
                0x000000002000030c                huart1
 .bss.__sbrk_heap_end
                0x0000000020000354        0x4 ./Core/Src/sysmem.o
 .bss.uwTick    0x0000000020000358        0x4 ./Drivers/STM32F1xx_HAL_Driver/Src/stm32f1xx_hal.o
                0x0000000020000358                uwTick
 .bss.__lock___malloc_recursive_mutex
                0x000000002000035c        0x1 d:/stm32cubeide_1.12.1/stm32cubeide/plugins/com.st.stm32cube.ide.mcu.externaltools.gnu-tools-for-stm32.10.3-2021.10.win32_1.0.200.202301161003/tools/bin/../lib/gcc/arm-none-eabi/10.3.1/../../../../arm-none-eabi/lib/thumb/v7-m/nofp\libc_nano.a(lib_a-lock.o)
                0x000000002000035c                __lock___malloc_recursive_mutex
 *fill*         0x000000002000035d        0x3 
 .bss.__malloc_free_list
                0x0000000020000360        0x4 d:/stm32cubeide_1.12.1/stm32cubeide/plugins/com.st.stm32cube.ide.mcu.externaltools.gnu-tools-for-stm32.10.3-2021.10.win32_1.0.200.202301161003/tools/bin/../lib/gcc/arm-none-eabi/10.3.1/../../../../arm-none-eabi/lib/thumb/v7-m/nofp\libc_nano.a(lib_a-nano-mallocr.o)
                0x0000000020000360                __malloc_free_list
 .bss.__malloc_sbrk_start
                0x0000000020000364        0x4 d:/stm32cubeide_1.12.1/stm32cubeide/plugins/com.st.stm32cube.ide.mcu.externaltools.gnu-tools-for-stm32.10.3-2021.10.win32_1.0.200.202301161003/tools/bin/../lib/gcc/arm-none-eabi/10.3.1/../../../../arm-none-eabi/lib/thumb/v7-m/nofp\libc_nano.a(lib_a-nano-mallocr.o)
                0x0000000020000364                __malloc_sbrk_start
 .bss.errno     0x0000000020000368        0x4 d:/stm32cubeide_1.12.1/stm32cubeide/plugins/com.st.stm32cube.ide.mcu.externaltools.gnu-tools-for-stm32.10.3-2021.10.win32_1.0.200.202301161003/tools/bin/../lib/gcc/arm-none-eabi/10.3.1/../../../../arm-none-eabi/lib/thumb/v7-m/nofp\libc_nano.a(lib_a-reent.o)
                0x0000000020000368                errno
 *(COMMON)
                0x000000002000036c                . = ALIGN (0x4)
                0x000000002000036c                _ebss = .
                0x000000002000036c                __bss_end__ = _ebss

._user_heap_stack
                0x000000002000036c      0x604 load address 0x000000000800898c
                0x0000000020000370                . = ALIGN (0x8)
 *fill*         0x000000002000036c        0x4 
                [!provide]                        PROVIDE (end = .)
                0x0000000020000370                PROVIDE (_end = .)
                0x0000000020000570                . = (. + _Min_Heap_Size)
 *fill*         0x0000000020000370      0x200 
                0x0000000020000970                . = (. + _Min_Stack_Size)
 *fill*         0x0000000020000570      0x400 
                0x0000000020000970                . = ALIGN (0x8)

/DISCARD/
 libc.a(*)
 libm.a(*)
 libgcc.a(*)

.ARM.attributes
                0x0000000000000000       0x29
 *(.ARM.attributes)
 .ARM.attributes
                0x0000000000000000       0x1d d:/stm32cubeide_1.12.1/stm32cubeide/plugins/com.st.stm32cube.ide.mcu.externaltools.gnu-tools-for-stm32.10.3-2021.10.win32_1.0.200.202301161003/tools/bin/../lib/gcc/arm-none-eabi/10.3.1/thumb/v7-m/nofp/crti.o
 .ARM.attributes
                0x000000000000001d       0x2d d:/stm32cubeide_1.12.1/stm32cubeide/plugins/com.st.stm32cube.ide.mcu.externaltools.gnu-tools-for-stm32.10.3-2021.10.win32_1.0.200.202301161003/tools/bin/../lib/gcc/arm-none-eabi/10.3.1/thumb/v7-m/nofp/crtbegin.o
 .ARM.attributes
                0x000000000000004a       0x2d ./Core/Src/algorithm_interface.o
 .ARM.attributes
                0x0000000000000077       0x2d ./Core/Src/crc16.o
 .ARM.attributes
                0x00000000000000a4       0x2d ./Core/Src/lcd_txt.o
 .ARM.attributes
                0x00000000000000d1       0x2d ./Core/Src/main.o
 .ARM.attributes
                0x00000000000000fe       0x2d ./Core/Src/md5.o
 .ARM.attributes
                0x000000000000012b       0x2d ./Core/Src/sha256.o
 .ARM.attributes
                0x0000000000000158       0x2d ./Core/Src/stm32f1xx_hal_msp.o
 .ARM.attributes
                0x0000000000000185       0x2d ./Core/Src/stm32f1xx_it.o
 .ARM.attributes
                0x00000000000001b2       0x2d ./Core/Src/sysmem.o
 .ARM.attributes
                0x00000000000001df       0x2d ./Core/Src/system_stm32f1xx.o
 .ARM.attributes
                0x000000000000020c       0x21 ./Core/Startup/startup_stm32f103c6tx.o
 .ARM.attributes
                0x000000000000022d       0x2d ./Drivers/STM32F1xx_HAL_Driver/Src/stm32f1xx_hal.o
 .ARM.attributes
                0x000000000000025a       0x2d ./Drivers/STM32F1xx_HAL_Driver/Src/stm32f1xx_hal_cortex.o
 .ARM.attributes
                0x0000000000000287       0x2d ./Drivers/STM32F1xx_HAL_Driver/Src/stm32f1xx_hal_dma.o
 .ARM.attributes
                0x00000000000002b4       0x2d ./Drivers/STM32F1xx_HAL_Driver/Src/stm32f1xx_hal_gpio.o
 .ARM.attributes
                0x00000000000002e1       0x2d ./Drivers/STM32F1xx_HAL_Driver/Src/stm32f1xx_hal_rcc.o
 .ARM.attributes
                0x000000000000030e       0x2d ./Drivers/STM32F1xx_HAL_Driver/Src/stm32f1xx_hal_uart.o
 .ARM.attributes
                0x000000000000033b       0x2d d:/stm32cubeide_1.12.1/stm32cubeide/plugins/com.st.stm32cube.ide.mcu.externaltools.gnu-tools-for-stm32.10.3-2021.10.win32_1.0.200.202301161003/tools/bin/../lib/gcc/arm-none-eabi/10.3.1/../../../../arm-none-eabi/lib/thumb/v7-m/nofp\libc_nano.a(lib_a-errno.o)
 .ARM.attributes
                0x0000000000000368       0x2d d:/stm32cubeide_1.12.1/stm32cubeide/plugins/com.st.stm32cube.ide.mcu.externaltools.gnu-tools-for-stm32.10.3-2021.10.win32_1.0.200.202301161003/tools/bin/../lib/gcc/arm-none-eabi/10.3.1/../../../../arm-none-eabi/lib/thumb/v7-m/nofp\libc_nano.a(lib_a-impure.o)
 .ARM.attributes
                0x0000000000000395       0x2d d:/stm32cubeide_1.12.1/stm32cubeide/plugins/com.st.stm32cube.ide.mcu.externaltools.gnu-tools-for-stm32.10.3-2021.10.win32_1.0.200.202301161003/tools/bin/../lib/gcc/arm-none-eabi/10.3.1/../../../../arm-none-eabi/lib/thumb/v7-m/nofp\libc_nano.a(lib_a-init.o)
 .ARM.attributes
                0x00000000000003c2       0x2d d:/stm32cubeide_1.12.1/stm32cubeide/plugins/com.st.stm32cube.ide.mcu.externaltools.gnu-tools-for-stm32.10.3-2021.10.win32_1.0.200.202301161003/tools/bin/../lib/gcc/arm-none-eabi/10.3.1/../../../../arm-none-eabi/lib/thumb/v7-m/nofp\libc_nano.a(lib_a-lock.o)
 .ARM.attributes
                0x00000000000003ef       0x2d d:/stm32cubeide_1.12.1/stm32cubeide/plugins/com.st.stm32cube.ide.mcu.externaltools.gnu-tools-for-stm32.10.3-2021.10.win32_1.0.200.202301161003/tools/bin/../lib/gcc/arm-none-eabi/10.3.1/../../../../arm-none-eabi/lib/thumb/v7-m/nofp\libc_nano.a(lib_a-memcpy-stub.o)
 .ARM.attributes
                0x000000000000041c       0x2d d:/stm32cubeide_1.12.1/stm32cubeide/plugins/com.st.stm32cube.ide.mcu.externaltools.gnu-tools-for-stm32.10.3-2021.10.win32_1.0.200.202301161003/tools/bin/../lib/gcc/arm-none-eabi/10.3.1/../../../../arm-none-eabi/lib/thumb/v7-m/nofp\libc_nano.a(lib_a-memset.o)
 .ARM.attributes
                0x0000000000000449       0x2d d:/stm32cubeide_1.12.1/stm32cubeide/plugins/com.st.stm32cube.ide.mcu.externaltools.gnu-tools-for-stm32.10.3-2021.10.win32_1.0.200.202301161003/tools/bin/../lib/gcc/arm-none-eabi/10.3.1/../../../../arm-none-eabi/lib/thumb/v7-m/nofp\libc_nano.a(lib_a-nano-freer.o)
 .ARM.attributes
                0x0000000000000476       0x2d d:/stm32cubeide_1.12.1/stm32cubeide/plugins/com.st.stm32cube.ide.mcu.externaltools.gnu-tools-for-stm32.10.3-2021.10.win32_1.0.200.202301161003/tools/bin/../lib/gcc/arm-none-eabi/10.3.1/../../../../arm-none-eabi/lib/thumb/v7-m/nofp\libc_nano.a(lib_a-nano-mallocr.o)
 .ARM.attributes
                0x00000000000004a3       0x2d d:/stm32cubeide_1.12.1/stm32cubeide/plugins/com.st.stm32cube.ide.mcu.externaltools.gnu-tools-for-stm32.10.3-2021.10.win32_1.0.200.202301161003/tools/bin/../lib/gcc/arm-none-eabi/10.3.1/../../../../arm-none-eabi/lib/thumb/v7-m/nofp\libc_nano.a(lib_a-sbrkr.o)
 .ARM.attributes
                0x00000000000004d0       0x2d d:/stm32cubeide_1.12.1/stm32cubeide/plugins/com.st.stm32cube.ide.mcu.externaltools.gnu-tools-for-stm32.10.3-2021.10.win32_1.0.200.202301161003/tools/bin/../lib/gcc/arm-none-eabi/10.3.1/../../../../arm-none-eabi/lib/thumb/v7-m/nofp\libc_nano.a(lib_a-sprintf.o)
 .ARM.attributes
                0x00000000000004fd       0x17 d:/stm32cubeide_1.12.1/stm32cubeide/plugins/com.st.stm32cube.ide.mcu.externaltools.gnu-tools-for-stm32.10.3-2021.10.win32_1.0.200.202301161003/tools/bin/../lib/gcc/arm-none-eabi/10.3.1/../../../../arm-none-eabi/lib/thumb/v7-m/nofp\libc_nano.a(lib_a-strlen.o)
 .ARM.attributes
                0x0000000000000514       0x2d d:/stm32cubeide_1.12.1/stm32cubeide/plugins/com.st.stm32cube.ide.mcu.externaltools.gnu-tools-for-stm32.10.3-2021.10.win32_1.0.200.202301161003/tools/bin/../lib/gcc/arm-none-eabi/10.3.1/../../../../arm-none-eabi/lib/thumb/v7-m/nofp\libc_nano.a(lib_a-findfp.o)
 .ARM.attributes
                0x0000000000000541       0x2d d:/stm32cubeide_1.12.1/stm32cubeide/plugins/com.st.stm32cube.ide.mcu.externaltools.gnu-tools-for-stm32.10.3-2021.10.win32_1.0.200.202301161003/tools/bin/../lib/gcc/arm-none-eabi/10.3.1/../../../../arm-none-eabi/lib/thumb/v7-m/nofp\libc_nano.a(lib_a-mlock.o)
 .ARM.attributes
                0x000000000000056e       0x2d d:/stm32cubeide_1.12.1/stm32cubeide/plugins/com.st.stm32cube.ide.mcu.externaltools.gnu-tools-for-stm32.10.3-2021.10.win32_1.0.200.202301161003/tools/bin/../lib/gcc/arm-none-eabi/10.3.1/../../../../arm-none-eabi/lib/thumb/v7-m/nofp\libc_nano.a(lib_a-nano-svfprintf.o)
 .ARM.attributes
                0x000000000000059b       0x2d d:/stm32cubeide_1.12.1/stm32cubeide/plugins/com.st.stm32cube.ide.mcu.externaltools.gnu-tools-for-stm32.10.3-2021.10.win32_1.0.200.202301161003/tools/bin/../lib/gcc/arm-none-eabi/10.3.1/../../../../arm-none-eabi/lib/thumb/v7-m/nofp\libc_nano.a(lib_a-nano-vfprintf_i.o)
 .ARM.attributes
                0x00000000000005c8       0x2d d:/stm32cubeide_1.12.1/stm32cubeide/plugins/com.st.stm32cube.ide.mcu.externaltools.gnu-tools-for-stm32.10.3-2021.10.win32_1.0.200.202301161003/tools/bin/../lib/gcc/arm-none-eabi/10.3.1/../../../../arm-none-eabi/lib/thumb/v7-m/nofp\libc_nano.a(lib_a-reent.o)
 .ARM.attributes
                0x00000000000005f5       0x2d d:/stm32cubeide_1.12.1/stm32cubeide/plugins/com.st.stm32cube.ide.mcu.externaltools.gnu-tools-for-stm32.10.3-2021.10.win32_1.0.200.202301161003/tools/bin/../lib/gcc/arm-none-eabi/10.3.1/../../../../arm-none-eabi/lib/thumb/v7-m/nofp\libc_nano.a(lib_a-memchr-stub.o)
 .ARM.attributes
                0x0000000000000622       0x2d d:/stm32cubeide_1.12.1/stm32cubeide/plugins/com.st.stm32cube.ide.mcu.externaltools.gnu-tools-for-stm32.10.3-2021.10.win32_1.0.200.202301161003/tools/bin/../lib/gcc/arm-none-eabi/10.3.1/../../../../arm-none-eabi/lib/thumb/v7-m/nofp\libc_nano.a(lib_a-memmove.o)
 .ARM.attributes
                0x000000000000064f       0x2d d:/stm32cubeide_1.12.1/stm32cubeide/plugins/com.st.stm32cube.ide.mcu.externaltools.gnu-tools-for-stm32.10.3-2021.10.win32_1.0.200.202301161003/tools/bin/../lib/gcc/arm-none-eabi/10.3.1/../../../../arm-none-eabi/lib/thumb/v7-m/nofp\libc_nano.a(lib_a-nano-reallocr.o)
 .ARM.attributes
                0x000000000000067c       0x2d d:/stm32cubeide_1.12.1/stm32cubeide/plugins/com.st.stm32cube.ide.mcu.externaltools.gnu-tools-for-stm32.10.3-2021.10.win32_1.0.200.202301161003/tools/bin/../lib/gcc/arm-none-eabi/10.3.1/../../../../arm-none-eabi/lib/thumb/v7-m/nofp\libc_nano.a(lib_a-nano-msizer.o)
 .ARM.attributes
                0x00000000000006a9       0x1d d:/stm32cubeide_1.12.1/stm32cubeide/plugins/com.st.stm32cube.ide.mcu.externaltools.gnu-tools-for-stm32.10.3-2021.10.win32_1.0.200.202301161003/tools/bin/../lib/gcc/arm-none-eabi/10.3.1/thumb/v7-m/nofp/crtn.o
OUTPUT(kursach_c6.elf elf32-littlearm)
LOAD linker stubs
LOAD d:/stm32cubeide_1.12.1/stm32cubeide/plugins/com.st.stm32cube.ide.mcu.externaltools.gnu-tools-for-stm32.10.3-2021.10.win32_1.0.200.202301161003/tools/bin/../lib/gcc/arm-none-eabi/10.3.1/../../../../arm-none-eabi/lib/thumb/v7-m/nofp\libc.a
LOAD d:/stm32cubeide_1.12.1/stm32cubeide/plugins/com.st.stm32cube.ide.mcu.externaltools.gnu-tools-for-stm32.10.3-2021.10.win32_1.0.200.202301161003/tools/bin/../lib/gcc/arm-none-eabi/10.3.1/../../../../arm-none-eabi/lib/thumb/v7-m/nofp\libm.a
LOAD d:/stm32cubeide_1.12.1/stm32cubeide/plugins/com.st.stm32cube.ide.mcu.externaltools.gnu-tools-for-stm32.10.3-2021.10.win32_1.0.200.202301161003/tools/bin/../lib/gcc/arm-none-eabi/10.3.1/thumb/v7-m/nofp\libgcc.a

.debug_info     0x0000000000000000     0x925f
 .debug_info    0x0000000000000000      0x85c ./Core/Src/algorithm_interface.o
 .debug_info    0x000000000000085c       0x93 ./Core/Src/crc16.o
 .debug_info    0x00000000000008ef      0x239 ./Core/Src/lcd_txt.o
 .debug_info    0x0000000000000b28      0xafb ./Core/Src/main.o
 .debug_info    0x0000000000001623      0xc1a ./Core/Src/md5.o
 .debug_info    0x000000000000223d      0x32d ./Core/Src/sha256.o
 .debug_info    0x000000000000256a      0x95a ./Core/Src/stm32f1xx_hal_msp.o
 .debug_info    0x0000000000002ec4      0x643 ./Core/Src/stm32f1xx_it.o
 .debug_info    0x0000000000003507      0x171 ./Core/Src/sysmem.o
 .debug_info    0x0000000000003678      0x23d ./Core/Src/system_stm32f1xx.o
 .debug_info    0x00000000000038b5       0x22 ./Core/Startup/startup_stm32f103c6tx.o
 .debug_info    0x00000000000038d7      0x716 ./Drivers/STM32F1xx_HAL_Driver/Src/stm32f1xx_hal.o
 .debug_info    0x0000000000003fed      0xb02 ./Drivers/STM32F1xx_HAL_Driver/Src/stm32f1xx_hal_cortex.o
 .debug_info    0x0000000000004aef      0x744 ./Drivers/STM32F1xx_HAL_Driver/Src/stm32f1xx_hal_dma.o
 .debug_info    0x0000000000005233      0x615 ./Drivers/STM32F1xx_HAL_Driver/Src/stm32f1xx_hal_gpio.o
 .debug_info    0x0000000000005848      0x865 ./Drivers/STM32F1xx_HAL_Driver/Src/stm32f1xx_hal_rcc.o
 .debug_info    0x00000000000060ad     0x31b2 ./Drivers/STM32F1xx_HAL_Driver/Src/stm32f1xx_hal_uart.o

.debug_abbrev   0x0000000000000000     0x1d0e
 .debug_abbrev  0x0000000000000000      0x1f6 ./Core/Src/algorithm_interface.o
 .debug_abbrev  0x00000000000001f6       0x7c ./Core/Src/crc16.o
 .debug_abbrev  0x0000000000000272      0x131 ./Core/Src/lcd_txt.o
 .debug_abbrev  0x00000000000003a3      0x2ed ./Core/Src/main.o
 .debug_abbrev  0x0000000000000690      0x20a ./Core/Src/md5.o
 .debug_abbrev  0x000000000000089a      0x137 ./Core/Src/sha256.o
 .debug_abbrev  0x00000000000009d1      0x1a7 ./Core/Src/stm32f1xx_hal_msp.o
 .debug_abbrev  0x0000000000000b78      0x166 ./Core/Src/stm32f1xx_it.o
 .debug_abbrev  0x0000000000000cde       0xbb ./Core/Src/sysmem.o
 .debug_abbrev  0x0000000000000d99      0x13b ./Core/Src/system_stm32f1xx.o
 .debug_abbrev  0x0000000000000ed4       0x12 ./Core/Startup/startup_stm32f103c6tx.o
 .debug_abbrev  0x0000000000000ee6      0x1fb ./Drivers/STM32F1xx_HAL_Driver/Src/stm32f1xx_hal.o
 .debug_abbrev  0x00000000000010e1      0x2ed ./Drivers/STM32F1xx_HAL_Driver/Src/stm32f1xx_hal_cortex.o
 .debug_abbrev  0x00000000000013ce      0x1fe ./Drivers/STM32F1xx_HAL_Driver/Src/stm32f1xx_hal_dma.o
 .debug_abbrev  0x00000000000015cc      0x1bb ./Drivers/STM32F1xx_HAL_Driver/Src/stm32f1xx_hal_gpio.o
 .debug_abbrev  0x0000000000001787      0x2a8 ./Drivers/STM32F1xx_HAL_Driver/Src/stm32f1xx_hal_rcc.o
 .debug_abbrev  0x0000000000001a2f      0x2df ./Drivers/STM32F1xx_HAL_Driver/Src/stm32f1xx_hal_uart.o

.debug_aranges  0x0000000000000000      0x7a0
 .debug_aranges
                0x0000000000000000       0x20 ./Core/Src/algorithm_interface.o
 .debug_aranges
                0x0000000000000020       0x20 ./Core/Src/crc16.o
 .debug_aranges
                0x0000000000000040       0x38 ./Core/Src/lcd_txt.o
 .debug_aranges
                0x0000000000000078       0x48 ./Core/Src/main.o
 .debug_aranges
                0x00000000000000c0       0x50 ./Core/Src/md5.o
 .debug_aranges
                0x0000000000000110       0x38 ./Core/Src/sha256.o
 .debug_aranges
                0x0000000000000148       0x30 ./Core/Src/stm32f1xx_hal_msp.o
 .debug_aranges
                0x0000000000000178       0x68 ./Core/Src/stm32f1xx_it.o
 .debug_aranges
                0x00000000000001e0       0x20 ./Core/Src/sysmem.o
 .debug_aranges
                0x0000000000000200       0x28 ./Core/Src/system_stm32f1xx.o
 .debug_aranges
                0x0000000000000228       0x28 ./Core/Startup/startup_stm32f103c6tx.o
 .debug_aranges
                0x0000000000000250       0xe0 ./Drivers/STM32F1xx_HAL_Driver/Src/stm32f1xx_hal.o
 .debug_aranges
                0x0000000000000330      0x100 ./Drivers/STM32F1xx_HAL_Driver/Src/stm32f1xx_hal_cortex.o
 .debug_aranges
                0x0000000000000430       0x80 ./Drivers/STM32F1xx_HAL_Driver/Src/stm32f1xx_hal_dma.o
 .debug_aranges
                0x00000000000004b0       0x58 ./Drivers/STM32F1xx_HAL_Driver/Src/stm32f1xx_hal_gpio.o
 .debug_aranges
                0x0000000000000508       0x90 ./Drivers/STM32F1xx_HAL_Driver/Src/stm32f1xx_hal_rcc.o
 .debug_aranges
                0x0000000000000598      0x208 ./Drivers/STM32F1xx_HAL_Driver/Src/stm32f1xx_hal_uart.o

.debug_ranges   0x0000000000000000      0x6c8
 .debug_ranges  0x0000000000000000       0x10 ./Core/Src/algorithm_interface.o
 .debug_ranges  0x0000000000000010       0x10 ./Core/Src/crc16.o
 .debug_ranges  0x0000000000000020       0x28 ./Core/Src/lcd_txt.o
 .debug_ranges  0x0000000000000048       0x38 ./Core/Src/main.o
 .debug_ranges  0x0000000000000080       0x40 ./Core/Src/md5.o
 .debug_ranges  0x00000000000000c0       0x28 ./Core/Src/sha256.o
 .debug_ranges  0x00000000000000e8       0x20 ./Core/Src/stm32f1xx_hal_msp.o
 .debug_ranges  0x0000000000000108       0x58 ./Core/Src/stm32f1xx_it.o
 .debug_ranges  0x0000000000000160       0x10 ./Core/Src/sysmem.o
 .debug_ranges  0x0000000000000170       0x18 ./Core/Src/system_stm32f1xx.o
 .debug_ranges  0x0000000000000188       0x20 ./Core/Startup/startup_stm32f103c6tx.o
 .debug_ranges  0x00000000000001a8       0xd0 ./Drivers/STM32F1xx_HAL_Driver/Src/stm32f1xx_hal.o
 .debug_ranges  0x0000000000000278       0xf0 ./Drivers/STM32F1xx_HAL_Driver/Src/stm32f1xx_hal_cortex.o
 .debug_ranges  0x0000000000000368       0x70 ./Drivers/STM32F1xx_HAL_Driver/Src/stm32f1xx_hal_dma.o
 .debug_ranges  0x00000000000003d8       0x48 ./Drivers/STM32F1xx_HAL_Driver/Src/stm32f1xx_hal_gpio.o
 .debug_ranges  0x0000000000000420       0x80 ./Drivers/STM32F1xx_HAL_Driver/Src/stm32f1xx_hal_rcc.o
 .debug_ranges  0x00000000000004a0      0x228 ./Drivers/STM32F1xx_HAL_Driver/Src/stm32f1xx_hal_uart.o

.debug_macro    0x0000000000000000    0x17bf3
 .debug_macro   0x0000000000000000      0x37f ./Core/Src/algorithm_interface.o
 .debug_macro   0x000000000000037f      0xa6c ./Core/Src/algorithm_interface.o
 .debug_macro   0x0000000000000deb      0x215 ./Core/Src/algorithm_interface.o
 .debug_macro   0x0000000000001000       0x2e ./Core/Src/algorithm_interface.o
 .debug_macro   0x000000000000102e       0x22 ./Core/Src/algorithm_interface.o
 .debug_macro   0x0000000000001050       0x22 ./Core/Src/algorithm_interface.o
 .debug_macro   0x0000000000001072       0x8e ./Core/Src/algorithm_interface.o
 .debug_macro   0x0000000000001100       0x51 ./Core/Src/algorithm_interface.o
 .debug_macro   0x0000000000001151      0x103 ./Core/Src/algorithm_interface.o
 .debug_macro   0x0000000000001254       0x6a ./Core/Src/algorithm_interface.o
 .debug_macro   0x00000000000012be      0x1df ./Core/Src/algorithm_interface.o
 .debug_macro   0x000000000000149d       0x1c ./Core/Src/algorithm_interface.o
 .debug_macro   0x00000000000014b9       0x22 ./Core/Src/algorithm_interface.o
 .debug_macro   0x00000000000014db       0xbd ./Core/Src/algorithm_interface.o
 .debug_macro   0x0000000000001598      0xd23 ./Core/Src/algorithm_interface.o
 .debug_macro   0x00000000000022bb     0xde75 ./Core/Src/algorithm_interface.o
 .debug_macro   0x0000000000010130       0x6d ./Core/Src/algorithm_interface.o
 .debug_macro   0x000000000001019d     0x348d ./Core/Src/algorithm_interface.o
 .debug_macro   0x000000000001362a      0x174 ./Core/Src/algorithm_interface.o
 .debug_macro   0x000000000001379e       0x5c ./Core/Src/algorithm_interface.o
 .debug_macro   0x00000000000137fa      0x5bc ./Core/Src/algorithm_interface.o
 .debug_macro   0x0000000000013db6      0x1b7 ./Core/Src/algorithm_interface.o
 .debug_macro   0x0000000000013f6d      0x1cb ./Core/Src/algorithm_interface.o
 .debug_macro   0x0000000000014138      0x114 ./Core/Src/algorithm_interface.o
 .debug_macro   0x000000000001424c      0x1b2 ./Core/Src/algorithm_interface.o
 .debug_macro   0x00000000000143fe       0x27 ./Core/Src/algorithm_interface.o
 .debug_macro   0x0000000000014425      0x12f ./Core/Src/algorithm_interface.o
 .debug_macro   0x0000000000014554      0x1bc ./Core/Src/algorithm_interface.o
 .debug_macro   0x0000000000014710       0x34 ./Core/Src/algorithm_interface.o
 .debug_macro   0x0000000000014744       0x3c ./Core/Src/algorithm_interface.o
 .debug_macro   0x0000000000014780       0x57 ./Core/Src/algorithm_interface.o
 .debug_macro   0x00000000000147d7       0x87 ./Core/Src/algorithm_interface.o
 .debug_macro   0x000000000001485e      0x183 ./Core/Src/algorithm_interface.o
 .debug_macro   0x00000000000149e1      0x140 ./Core/Src/algorithm_interface.o
 .debug_macro   0x0000000000014b21      0x28e ./Core/Src/algorithm_interface.o
 .debug_macro   0x0000000000014daf       0x69 ./Core/Src/algorithm_interface.o
 .debug_macro   0x0000000000014e18       0x52 ./Core/Src/algorithm_interface.o
 .debug_macro   0x0000000000014e6a       0x18 ./Core/Src/algorithm_interface.o
 .debug_macro   0x0000000000014e82       0x3c ./Core/Src/algorithm_interface.o
 .debug_macro   0x0000000000014ebe       0x34 ./Core/Src/algorithm_interface.o
 .debug_macro   0x0000000000014ef2       0x16 ./Core/Src/algorithm_interface.o
 .debug_macro   0x0000000000014f08       0x43 ./Core/Src/algorithm_interface.o
 .debug_macro   0x0000000000014f4b       0x34 ./Core/Src/algorithm_interface.o
 .debug_macro   0x0000000000014f7f       0x10 ./Core/Src/algorithm_interface.o
 .debug_macro   0x0000000000014f8f       0x58 ./Core/Src/algorithm_interface.o
 .debug_macro   0x0000000000014fe7       0x71 ./Core/Src/algorithm_interface.o
 .debug_macro   0x0000000000015058       0x1c ./Core/Src/algorithm_interface.o
 .debug_macro   0x0000000000015074      0x12a ./Core/Src/algorithm_interface.o
 .debug_macro   0x000000000001519e      0x341 ./Core/Src/algorithm_interface.o
 .debug_macro   0x00000000000154df       0x10 ./Core/Src/algorithm_interface.o
 .debug_macro   0x00000000000154ef       0x35 ./Core/Src/algorithm_interface.o
 .debug_macro   0x0000000000015524       0x20 ./Core/Src/algorithm_interface.o
 .debug_macro   0x0000000000015544       0x64 ./Core/Src/algorithm_interface.o
 .debug_macro   0x00000000000155a8       0x1c ./Core/Src/algorithm_interface.o
 .debug_macro   0x00000000000155c4       0x10 ./Core/Src/algorithm_interface.o
 .debug_macro   0x00000000000155d4       0x10 ./Core/Src/algorithm_interface.o
 .debug_macro   0x00000000000155e4       0x1c ./Core/Src/algorithm_interface.o
 .debug_macro   0x0000000000015600       0x52 ./Core/Src/algorithm_interface.o
 .debug_macro   0x0000000000015652       0x22 ./Core/Src/algorithm_interface.o
 .debug_macro   0x0000000000015674       0x10 ./Core/Src/algorithm_interface.o
 .debug_macro   0x0000000000015684       0x52 ./Core/Src/algorithm_interface.o
 .debug_macro   0x00000000000156d6       0xd5 ./Core/Src/algorithm_interface.o
 .debug_macro   0x00000000000157ab       0x1c ./Core/Src/algorithm_interface.o
 .debug_macro   0x00000000000157c7       0x3d ./Core/Src/algorithm_interface.o
 .debug_macro   0x0000000000015804       0x16 ./Core/Src/algorithm_interface.o
 .debug_macro   0x000000000001581a      0x145 ./Core/Src/algorithm_interface.o
 .debug_macro   0x000000000001595f       0x16 ./Core/Src/algorithm_interface.o
 .debug_macro   0x0000000000015975       0x16 ./Core/Src/algorithm_interface.o
 .debug_macro   0x000000000001598b       0x29 ./Core/Src/algorithm_interface.o
 .debug_macro   0x00000000000159b4       0x16 ./Core/Src/algorithm_interface.o
 .debug_macro   0x00000000000159ca       0x11 ./Core/Src/crc16.o
 .debug_macro   0x00000000000159db      0x19b ./Core/Src/lcd_txt.o
 .debug_macro   0x0000000000015b76       0x5e ./Core/Src/lcd_txt.o
 .debug_macro   0x0000000000015bd4      0x393 ./Core/Src/main.o
 .debug_macro   0x0000000000015f67      0x25f ./Core/Src/md5.o
 .debug_macro   0x00000000000161c6       0x4c ./Core/Src/md5.o
 .debug_macro   0x0000000000016212       0x94 ./Core/Src/md5.o
 .debug_macro   0x00000000000162a6       0x16 ./Core/Src/md5.o
 .debug_macro   0x00000000000162bc       0x57 ./Core/Src/md5.o
 .debug_macro   0x0000000000016313       0x97 ./Core/Src/md5.o
 .debug_macro   0x00000000000163aa       0xfd ./Core/Src/md5.o
 .debug_macro   0x00000000000164a7       0x16 ./Core/Src/md5.o
 .debug_macro   0x00000000000164bd      0x156 ./Core/Src/sha256.o
 .debug_macro   0x0000000000016613      0x393 ./Core/Src/stm32f1xx_hal_msp.o
 .debug_macro   0x00000000000169a6      0x39d ./Core/Src/stm32f1xx_it.o
 .debug_macro   0x0000000000016d43       0xff ./Core/Src/sysmem.o
 .debug_macro   0x0000000000016e42      0x23b ./Core/Src/sysmem.o
 .debug_macro   0x000000000001707d      0x18c ./Core/Src/system_stm32f1xx.o
 .debug_macro   0x0000000000017209      0x1b0 ./Drivers/STM32F1xx_HAL_Driver/Src/stm32f1xx_hal.o
 .debug_macro   0x00000000000173b9      0x18c ./Drivers/STM32F1xx_HAL_Driver/Src/stm32f1xx_hal_cortex.o
 .debug_macro   0x0000000000017545      0x18c ./Drivers/STM32F1xx_HAL_Driver/Src/stm32f1xx_hal_dma.o
 .debug_macro   0x00000000000176d1      0x1f7 ./Drivers/STM32F1xx_HAL_Driver/Src/stm32f1xx_hal_gpio.o
 .debug_macro   0x00000000000178c8      0x19e ./Drivers/STM32F1xx_HAL_Driver/Src/stm32f1xx_hal_rcc.o
 .debug_macro   0x0000000000017a66      0x18d ./Drivers/STM32F1xx_HAL_Driver/Src/stm32f1xx_hal_uart.o

.debug_line     0x0000000000000000     0xaa0b
 .debug_line    0x0000000000000000      0x97e ./Core/Src/algorithm_interface.o
 .debug_line    0x000000000000097e       0x9e ./Core/Src/crc16.o
 .debug_line    0x0000000000000a1c      0x715 ./Core/Src/lcd_txt.o
 .debug_line    0x0000000000001131      0x9e9 ./Core/Src/main.o
 .debug_line    0x0000000000001b1a      0x997 ./Core/Src/md5.o
 .debug_line    0x00000000000024b1      0x713 ./Core/Src/sha256.o
 .debug_line    0x0000000000002bc4      0x915 ./Core/Src/stm32f1xx_hal_msp.o
 .debug_line    0x00000000000034d9      0x99a ./Core/Src/stm32f1xx_it.o
 .debug_line    0x0000000000003e73      0x4e5 ./Core/Src/sysmem.o
 .debug_line    0x0000000000004358      0x6bb ./Core/Src/system_stm32f1xx.o
 .debug_line    0x0000000000004a13       0x86 ./Core/Startup/startup_stm32f103c6tx.o
 .debug_line    0x0000000000004a99      0x8e8 ./Drivers/STM32F1xx_HAL_Driver/Src/stm32f1xx_hal.o
 .debug_line    0x0000000000005381      0xad0 ./Drivers/STM32F1xx_HAL_Driver/Src/stm32f1xx_hal_cortex.o
 .debug_line    0x0000000000005e51      0xd41 ./Drivers/STM32F1xx_HAL_Driver/Src/stm32f1xx_hal_dma.o
 .debug_line    0x0000000000006b92      0x96c ./Drivers/STM32F1xx_HAL_Driver/Src/stm32f1xx_hal_gpio.o
 .debug_line    0x00000000000074fe      0xcf4 ./Drivers/STM32F1xx_HAL_Driver/Src/stm32f1xx_hal_rcc.o
 .debug_line    0x00000000000081f2     0x2819 ./Drivers/STM32F1xx_HAL_Driver/Src/stm32f1xx_hal_uart.o

.debug_str      0x0000000000000000    0x80d4b
 .debug_str     0x0000000000000000    0x7e578 ./Core/Src/algorithm_interface.o
                                      0x7e939 (size before relaxing)
 .debug_str     0x000000000007e578       0x14 ./Core/Src/crc16.o
                                       0x2cc3 (size before relaxing)
 .debug_str     0x000000000007e58c       0x7f ./Core/Src/lcd_txt.o
                                      0x7a5a0 (size before relaxing)
 .debug_str     0x000000000007e60b      0x284 ./Core/Src/main.o
                                      0x7eb3a (size before relaxing)
 .debug_str     0x000000000007e88f      0x473 ./Core/Src/md5.o
                                       0x829a (size before relaxing)
 .debug_str     0x000000000007ed02      0x39a ./Core/Src/sha256.o
                                       0x6601 (size before relaxing)
 .debug_str     0x000000000007f09c      0x2d6 ./Core/Src/stm32f1xx_hal_msp.o
                                      0x7ebca (size before relaxing)
 .debug_str     0x000000000007f372       0xef ./Core/Src/stm32f1xx_it.o
                                      0x7e8e2 (size before relaxing)
 .debug_str     0x000000000007f461      0x4da ./Core/Src/sysmem.o
                                       0x5d5a (size before relaxing)
 .debug_str     0x000000000007f93b       0x7e ./Core/Src/system_stm32f1xx.o
                                      0x7a451 (size before relaxing)
 .debug_str     0x000000000007f9b9       0x36 ./Core/Startup/startup_stm32f103c6tx.o
                                         0x5c (size before relaxing)
 .debug_str     0x000000000007f9ef      0x384 ./Drivers/STM32F1xx_HAL_Driver/Src/stm32f1xx_hal.o
                                      0x7ab4a (size before relaxing)
 .debug_str     0x000000000007fd73      0x29e ./Drivers/STM32F1xx_HAL_Driver/Src/stm32f1xx_hal_cortex.o
                                      0x7aa96 (size before relaxing)
 .debug_str     0x0000000000080011      0x235 ./Drivers/STM32F1xx_HAL_Driver/Src/stm32f1xx_hal_dma.o
                                      0x7a7fa (size before relaxing)
 .debug_str     0x0000000000080246      0x2f4 ./Drivers/STM32F1xx_HAL_Driver/Src/stm32f1xx_hal_gpio.o
                                      0x7a7d7 (size before relaxing)
 .debug_str     0x000000000008053a      0x229 ./Drivers/STM32F1xx_HAL_Driver/Src/stm32f1xx_hal_rcc.o
                                      0x7a880 (size before relaxing)
 .debug_str     0x0000000000080763      0x5e8 ./Drivers/STM32F1xx_HAL_Driver/Src/stm32f1xx_hal_uart.o
                                      0x7aef1 (size before relaxing)

.comment        0x0000000000000000       0x50
 .comment       0x0000000000000000       0x50 ./Core/Src/algorithm_interface.o
                                         0x51 (size before relaxing)
 .comment       0x0000000000000050       0x51 ./Core/Src/crc16.o
 .comment       0x0000000000000050       0x51 ./Core/Src/lcd_txt.o
 .comment       0x0000000000000050       0x51 ./Core/Src/main.o
 .comment       0x0000000000000050       0x51 ./Core/Src/md5.o
 .comment       0x0000000000000050       0x51 ./Core/Src/sha256.o
 .comment       0x0000000000000050       0x51 ./Core/Src/stm32f1xx_hal_msp.o
 .comment       0x0000000000000050       0x51 ./Core/Src/stm32f1xx_it.o
 .comment       0x0000000000000050       0x51 ./Core/Src/sysmem.o
 .comment       0x0000000000000050       0x51 ./Core/Src/system_stm32f1xx.o
 .comment       0x0000000000000050       0x51 ./Drivers/STM32F1xx_HAL_Driver/Src/stm32f1xx_hal.o
 .comment       0x0000000000000050       0x51 ./Drivers/STM32F1xx_HAL_Driver/Src/stm32f1xx_hal_cortex.o
 .comment       0x0000000000000050       0x51 ./Drivers/STM32F1xx_HAL_Driver/Src/stm32f1xx_hal_dma.o
 .comment       0x0000000000000050       0x51 ./Drivers/STM32F1xx_HAL_Driver/Src/stm32f1xx_hal_gpio.o
 .comment       0x0000000000000050       0x51 ./Drivers/STM32F1xx_HAL_Driver/Src/stm32f1xx_hal_rcc.o
 .comment       0x0000000000000050       0x51 ./Drivers/STM32F1xx_HAL_Driver/Src/stm32f1xx_hal_uart.o

.debug_frame    0x0000000000000000     0x21b8
 .debug_frame   0x0000000000000000       0x38 ./Core/Src/algorithm_interface.o
 .debug_frame   0x0000000000000038       0x38 ./Core/Src/crc16.o
 .debug_frame   0x0000000000000070       0x90 ./Core/Src/lcd_txt.o
 .debug_frame   0x0000000000000100       0xd4 ./Core/Src/main.o
 .debug_frame   0x00000000000001d4      0x12c ./Core/Src/md5.o
 .debug_frame   0x0000000000000300       0xac ./Core/Src/sha256.o
 .debug_frame   0x00000000000003ac       0x80 ./Core/Src/stm32f1xx_hal_msp.o
 .debug_frame   0x000000000000042c      0x120 ./Core/Src/stm32f1xx_it.o
 .debug_frame   0x000000000000054c       0x34 ./Core/Src/sysmem.o
 .debug_frame   0x0000000000000580       0x58 ./Core/Src/system_stm32f1xx.o
 .debug_frame   0x00000000000005d8      0x334 ./Drivers/STM32F1xx_HAL_Driver/Src/stm32f1xx_hal.o
 .debug_frame   0x000000000000090c      0x428 ./Drivers/STM32F1xx_HAL_Driver/Src/stm32f1xx_hal_cortex.o
 .debug_frame   0x0000000000000d34      0x208 ./Drivers/STM32F1xx_HAL_Driver/Src/stm32f1xx_hal_dma.o
 .debug_frame   0x0000000000000f3c      0x14c ./Drivers/STM32F1xx_HAL_Driver/Src/stm32f1xx_hal_gpio.o
 .debug_frame   0x0000000000001088      0x218 ./Drivers/STM32F1xx_HAL_Driver/Src/stm32f1xx_hal_rcc.o
 .debug_frame   0x00000000000012a0      0x944 ./Drivers/STM32F1xx_HAL_Driver/Src/stm32f1xx_hal_uart.o
 .debug_frame   0x0000000000001be4       0x20 d:/stm32cubeide_1.12.1/stm32cubeide/plugins/com.st.stm32cube.ide.mcu.externaltools.gnu-tools-for-stm32.10.3-2021.10.win32_1.0.200.202301161003/tools/bin/../lib/gcc/arm-none-eabi/10.3.1/../../../../arm-none-eabi/lib/thumb/v7-m/nofp\libc_nano.a(lib_a-errno.o)
 .debug_frame   0x0000000000001c04       0x2c d:/stm32cubeide_1.12.1/stm32cubeide/plugins/com.st.stm32cube.ide.mcu.externaltools.gnu-tools-for-stm32.10.3-2021.10.win32_1.0.200.202301161003/tools/bin/../lib/gcc/arm-none-eabi/10.3.1/../../../../arm-none-eabi/lib/thumb/v7-m/nofp\libc_nano.a(lib_a-init.o)
 .debug_frame   0x0000000000001c30       0xb0 d:/stm32cubeide_1.12.1/stm32cubeide/plugins/com.st.stm32cube.ide.mcu.externaltools.gnu-tools-for-stm32.10.3-2021.10.win32_1.0.200.202301161003/tools/bin/../lib/gcc/arm-none-eabi/10.3.1/../../../../arm-none-eabi/lib/thumb/v7-m/nofp\libc_nano.a(lib_a-lock.o)
 .debug_frame   0x0000000000001ce0       0x28 d:/stm32cubeide_1.12.1/stm32cubeide/plugins/com.st.stm32cube.ide.mcu.externaltools.gnu-tools-for-stm32.10.3-2021.10.win32_1.0.200.202301161003/tools/bin/../lib/gcc/arm-none-eabi/10.3.1/../../../../arm-none-eabi/lib/thumb/v7-m/nofp\libc_nano.a(lib_a-memcpy-stub.o)
 .debug_frame   0x0000000000001d08       0x20 d:/stm32cubeide_1.12.1/stm32cubeide/plugins/com.st.stm32cube.ide.mcu.externaltools.gnu-tools-for-stm32.10.3-2021.10.win32_1.0.200.202301161003/tools/bin/../lib/gcc/arm-none-eabi/10.3.1/../../../../arm-none-eabi/lib/thumb/v7-m/nofp\libc_nano.a(lib_a-memset.o)
 .debug_frame   0x0000000000001d28       0x38 d:/stm32cubeide_1.12.1/stm32cubeide/plugins/com.st.stm32cube.ide.mcu.externaltools.gnu-tools-for-stm32.10.3-2021.10.win32_1.0.200.202301161003/tools/bin/../lib/gcc/arm-none-eabi/10.3.1/../../../../arm-none-eabi/lib/thumb/v7-m/nofp\libc_nano.a(lib_a-nano-freer.o)
 .debug_frame   0x0000000000001d60       0x4c d:/stm32cubeide_1.12.1/stm32cubeide/plugins/com.st.stm32cube.ide.mcu.externaltools.gnu-tools-for-stm32.10.3-2021.10.win32_1.0.200.202301161003/tools/bin/../lib/gcc/arm-none-eabi/10.3.1/../../../../arm-none-eabi/lib/thumb/v7-m/nofp\libc_nano.a(lib_a-nano-mallocr.o)
 .debug_frame   0x0000000000001dac       0x2c d:/stm32cubeide_1.12.1/stm32cubeide/plugins/com.st.stm32cube.ide.mcu.externaltools.gnu-tools-for-stm32.10.3-2021.10.win32_1.0.200.202301161003/tools/bin/../lib/gcc/arm-none-eabi/10.3.1/../../../../arm-none-eabi/lib/thumb/v7-m/nofp\libc_nano.a(lib_a-sbrkr.o)
 .debug_frame   0x0000000000001dd8       0x6c d:/stm32cubeide_1.12.1/stm32cubeide/plugins/com.st.stm32cube.ide.mcu.externaltools.gnu-tools-for-stm32.10.3-2021.10.win32_1.0.200.202301161003/tools/bin/../lib/gcc/arm-none-eabi/10.3.1/../../../../arm-none-eabi/lib/thumb/v7-m/nofp\libc_nano.a(lib_a-sprintf.o)
 .debug_frame   0x0000000000001e44      0x14c d:/stm32cubeide_1.12.1/stm32cubeide/plugins/com.st.stm32cube.ide.mcu.externaltools.gnu-tools-for-stm32.10.3-2021.10.win32_1.0.200.202301161003/tools/bin/../lib/gcc/arm-none-eabi/10.3.1/../../../../arm-none-eabi/lib/thumb/v7-m/nofp\libc_nano.a(lib_a-findfp.o)
 .debug_frame   0x0000000000001f90       0x30 d:/stm32cubeide_1.12.1/stm32cubeide/plugins/com.st.stm32cube.ide.mcu.externaltools.gnu-tools-for-stm32.10.3-2021.10.win32_1.0.200.202301161003/tools/bin/../lib/gcc/arm-none-eabi/10.3.1/../../../../arm-none-eabi/lib/thumb/v7-m/nofp\libc_nano.a(lib_a-mlock.o)
 .debug_frame   0x0000000000001fc0       0x90 d:/stm32cubeide_1.12.1/stm32cubeide/plugins/com.st.stm32cube.ide.mcu.externaltools.gnu-tools-for-stm32.10.3-2021.10.win32_1.0.200.202301161003/tools/bin/../lib/gcc/arm-none-eabi/10.3.1/../../../../arm-none-eabi/lib/thumb/v7-m/nofp\libc_nano.a(lib_a-nano-svfprintf.o)
 .debug_frame   0x0000000000002050       0x60 d:/stm32cubeide_1.12.1/stm32cubeide/plugins/com.st.stm32cube.ide.mcu.externaltools.gnu-tools-for-stm32.10.3-2021.10.win32_1.0.200.202301161003/tools/bin/../lib/gcc/arm-none-eabi/10.3.1/../../../../arm-none-eabi/lib/thumb/v7-m/nofp\libc_nano.a(lib_a-nano-vfprintf_i.o)
 .debug_frame   0x00000000000020b0       0x5c d:/stm32cubeide_1.12.1/stm32cubeide/plugins/com.st.stm32cube.ide.mcu.externaltools.gnu-tools-for-stm32.10.3-2021.10.win32_1.0.200.202301161003/tools/bin/../lib/gcc/arm-none-eabi/10.3.1/../../../../arm-none-eabi/lib/thumb/v7-m/nofp\libc_nano.a(lib_a-reent.o)
 .debug_frame   0x000000000000210c       0x28 d:/stm32cubeide_1.12.1/stm32cubeide/plugins/com.st.stm32cube.ide.mcu.externaltools.gnu-tools-for-stm32.10.3-2021.10.win32_1.0.200.202301161003/tools/bin/../lib/gcc/arm-none-eabi/10.3.1/../../../../arm-none-eabi/lib/thumb/v7-m/nofp\libc_nano.a(lib_a-memchr-stub.o)
 .debug_frame   0x0000000000002134       0x28 d:/stm32cubeide_1.12.1/stm32cubeide/plugins/com.st.stm32cube.ide.mcu.externaltools.gnu-tools-for-stm32.10.3-2021.10.win32_1.0.200.202301161003/tools/bin/../lib/gcc/arm-none-eabi/10.3.1/../../../../arm-none-eabi/lib/thumb/v7-m/nofp\libc_nano.a(lib_a-memmove.o)
 .debug_frame   0x000000000000215c       0x3c d:/stm32cubeide_1.12.1/stm32cubeide/plugins/com.st.stm32cube.ide.mcu.externaltools.gnu-tools-for-stm32.10.3-2021.10.win32_1.0.200.202301161003/tools/bin/../lib/gcc/arm-none-eabi/10.3.1/../../../../arm-none-eabi/lib/thumb/v7-m/nofp\libc_nano.a(lib_a-nano-reallocr.o)
 .debug_frame   0x0000000000002198       0x20 d:/stm32cubeide_1.12.1/stm32cubeide/plugins/com.st.stm32cube.ide.mcu.externaltools.gnu-tools-for-stm32.10.3-2021.10.win32_1.0.200.202301161003/tools/bin/../lib/gcc/arm-none-eabi/10.3.1/../../../../arm-none-eabi/lib/thumb/v7-m/nofp\libc_nano.a(lib_a-nano-msizer.o)
